layer at (0,0) size 800x600
  RenderView at (0,0) size 800x600
layer at (0,0) size 800x600
  RenderBlock {HTML} at (0,0) size 800x600
    RenderBody {BODY} at (8,8) size 784x584
      RenderBlock {P} at (0,0) size 784x18
        RenderText {#text} at (0,0) size 414x19
          text run at (0,0) width 414: "Test appearances of input-speech-button in <input type='search'>."
      RenderBlock {DIV} at (0,34) size 784x0
      RenderBlock {DIV} at (0,34) size 784x450
        RenderTable {TABLE} at (0,0) size 624x450
          RenderTableSection {TBODY} at (0,0) size 624x450
            RenderTableRow {TR} at (0,2) size 624x446
              RenderTableCell {TD} at (2,3) size 152x443 [r=0 c=0 rs=1 cs=1]
                RenderBlock {DIV} at (1,1) size 150x441
                  RenderTextControl {INPUT} at (0,0) size 86x15 [bgcolor=#FFFFFF] [border: (2px inset #000000)]
                    RenderFlexibleBox {DIV} at (3,3) size 80x9
                      RenderBlock {DIV} at (0,4) size 0x0
                      RenderBlock {DIV} at (0,0) size 80x9
                      RenderBlock {DIV} at (80,4) size 0x0
                  RenderBR {BR} at (86,11) size 0x0
                  RenderTextControl {INPUT} at (0,15) size 86x15 [bgcolor=#FFFFFF] [border: (2px inset #000000)]
                    RenderFlexibleBox {DIV} at (3,3) size 80x9
                      RenderBlock {DIV} at (0,4) size 0x0
                      RenderBlock {DIV} at (0,0) size 80x9
                      RenderBlock {DIV} at (80,4) size 0x0
                  RenderBR {BR} at (86,26) size 0x0
                  RenderTextControl {INPUT} at (0,30) size 86x15 [bgcolor=#FFFFFF] [border: (2px inset #000000)]
                    RenderFlexibleBox {DIV} at (3,3) size 80x9
                      RenderBlock {DIV} at (0,4) size 0x0
                      RenderBlock {DIV} at (0,0) size 80x9
                      RenderBlock {DIV} at (80,4) size 0x0
                  RenderBR {BR} at (86,41) size 0x0
                  RenderTextControl {INPUT} at (0,45) size 106x16 [bgcolor=#FFFFFF] [border: (2px inset #000000)]
                    RenderFlexibleBox {DIV} at (3,3) size 100x10
                      RenderBlock {DIV} at (0,5) size 0x0
                      RenderBlock {DIV} at (0,0) size 100x10
                      RenderBlock {DIV} at (100,5) size 0x0
                  RenderBR {BR} at (106,57) size 0x0
                  RenderTextControl {INPUT} at (0,61) size 106x16 [bgcolor=#FFFFFF] [border: (2px inset #000000)]
                    RenderFlexibleBox {DIV} at (3,3) size 100x10
                      RenderBlock {DIV} at (0,5) size 0x0
                      RenderBlock {DIV} at (0,0) size 100x10
                      RenderBlock {DIV} at (100,5) size 0x0
                  RenderBR {BR} at (106,73) size 0x0
                  RenderTextControl {INPUT} at (0,77) size 106x16 [bgcolor=#FFFFFF] [border: (2px inset #000000)]
                    RenderFlexibleBox {DIV} at (3,3) size 100x10
                      RenderBlock {DIV} at (0,5) size 0x0
                      RenderBlock {DIV} at (0,0) size 100x10
                      RenderBlock {DIV} at (100,5) size 0x0
                  RenderBR {BR} at (106,89) size 0x0
                  RenderTextControl {INPUT} at (0,93) size 106x18 [bgcolor=#FFFFFF] [border: (2px inset #000000)]
                    RenderFlexibleBox {DIV} at (3,3) size 100x12
                      RenderBlock {DIV} at (0,6) size 0x0
                      RenderBlock {DIV} at (0,0) size 100x12
                      RenderBlock {DIV} at (100,6) size 0x0
                  RenderBR {BR} at (106,105) size 0x0
                  RenderTextControl {INPUT} at (0,111) size 106x18 [bgcolor=#FFFFFF] [border: (2px inset #000000)]
                    RenderFlexibleBox {DIV} at (3,3) size 100x12
                      RenderBlock {DIV} at (0,6) size 0x0
                      RenderBlock {DIV} at (0,0) size 100x12
                      RenderBlock {DIV} at (100,6) size 0x0
                  RenderBR {BR} at (106,123) size 0x0
                  RenderTextControl {INPUT} at (0,129) size 106x18 [bgcolor=#FFFFFF] [border: (2px inset #000000)]
                    RenderFlexibleBox {DIV} at (3,3) size 100x12
                      RenderBlock {DIV} at (0,6) size 0x0
                      RenderBlock {DIV} at (0,0) size 100x12
                      RenderBlock {DIV} at (100,6) size 0x0
                  RenderBR {BR} at (106,141) size 0x0
                  RenderTextControl {INPUT} at (2,149) size 126x19 [bgcolor=#FFFFFF] [border: (2px inset #000000)]
                    RenderFlexibleBox {DIV} at (3,3) size 120x13
                      RenderBlock {DIV} at (0,6) size 0x0
                      RenderBlock {DIV} at (0,0) size 120x13
                      RenderBlock {DIV} at (120,6) size 0x0
                  RenderBR {BR} at (130,162) size 0x0
                  RenderTextControl {INPUT} at (2,172) size 126x19 [bgcolor=#FFFFFF] [border: (2px inset #000000)]
                    RenderFlexibleBox {DIV} at (3,3) size 120x13
                      RenderBlock {DIV} at (0,6) size 0x0
                      RenderBlock {DIV} at (0,0) size 120x13
                      RenderBlock {DIV} at (120,6) size 0x0
                  RenderBR {BR} at (130,185) size 0x0
                  RenderTextControl {INPUT} at (2,195) size 126x19 [bgcolor=#FFFFFF] [border: (2px inset #000000)]
                    RenderFlexibleBox {DIV} at (3,3) size 120x13
                      RenderBlock {DIV} at (0,6) size 0x0
                      RenderBlock {DIV} at (0,0) size 120x13
                      RenderBlock {DIV} at (120,6) size 0x0
                  RenderBR {BR} at (130,208) size 0x0
                  RenderTextControl {INPUT} at (2,218) size 126x20 [bgcolor=#FFFFFF] [border: (2px inset #000000)]
                    RenderFlexibleBox {DIV} at (3,3) size 120x14
                      RenderBlock {DIV} at (0,7) size 0x0
                      RenderBlock {DIV} at (0,0) size 120x14
                      RenderBlock {DIV} at (120,7) size 0x0
                  RenderBR {BR} at (130,232) size 0x0
                  RenderTextControl {INPUT} at (2,242) size 126x20 [bgcolor=#FFFFFF] [border: (2px inset #000000)]
                    RenderFlexibleBox {DIV} at (3,3) size 120x14
                      RenderBlock {DIV} at (0,7) size 0x0
                      RenderBlock {DIV} at (0,0) size 120x14
                      RenderBlock {DIV} at (120,7) size 0x0
                  RenderBR {BR} at (130,256) size 0x0
                  RenderTextControl {INPUT} at (2,266) size 126x20 [bgcolor=#FFFFFF] [border: (2px inset #000000)]
                    RenderFlexibleBox {DIV} at (3,3) size 120x14
                      RenderBlock {DIV} at (0,7) size 0x0
                      RenderBlock {DIV} at (0,0) size 120x14
                      RenderBlock {DIV} at (120,7) size 0x0
                  RenderBR {BR} at (130,280) size 0x0
                  RenderTextControl {INPUT} at (2,290) size 146x21 [bgcolor=#FFFFFF] [border: (2px inset #000000)]
                    RenderFlexibleBox {DIV} at (3,3) size 140x15
                      RenderBlock {DIV} at (0,7) size 0x0
                      RenderBlock {DIV} at (0,0) size 140x15
                      RenderBlock {DIV} at (140,7) size 0x0
                  RenderBR {BR} at (150,305) size 0x0
                  RenderTextControl {INPUT} at (2,315) size 146x21 [bgcolor=#FFFFFF] [border: (2px inset #000000)]
                    RenderFlexibleBox {DIV} at (3,3) size 140x15
                      RenderBlock {DIV} at (0,7) size 0x0
                      RenderBlock {DIV} at (0,0) size 140x15
                      RenderBlock {DIV} at (140,7) size 0x0
                  RenderBR {BR} at (150,330) size 0x0
                  RenderTextControl {INPUT} at (2,340) size 146x21 [bgcolor=#FFFFFF] [border: (2px inset #000000)]
                    RenderFlexibleBox {DIV} at (3,3) size 140x15
                      RenderBlock {DIV} at (0,7) size 0x0
                      RenderBlock {DIV} at (0,0) size 140x15
                      RenderBlock {DIV} at (140,7) size 0x0
                  RenderBR {BR} at (150,355) size 0x0
                  RenderTextControl {INPUT} at (2,365) size 146x22 [bgcolor=#FFFFFF] [border: (2px inset #000000)]
                    RenderFlexibleBox {DIV} at (3,3) size 140x16
                      RenderBlock {DIV} at (0,8) size 0x0
                      RenderBlock {DIV} at (0,0) size 140x16
                      RenderBlock {DIV} at (140,8) size 0x0
                  RenderBR {BR} at (150,381) size 0x0
                  RenderTextControl {INPUT} at (2,391) size 146x22 [bgcolor=#FFFFFF] [border: (2px inset #000000)]
                    RenderFlexibleBox {DIV} at (3,3) size 140x16
                      RenderBlock {DIV} at (0,8) size 0x0
                      RenderBlock {DIV} at (0,0) size 140x16
                      RenderBlock {DIV} at (140,8) size 0x0
                  RenderBR {BR} at (150,407) size 0x0
                  RenderTextControl {INPUT} at (2,417) size 146x22 [bgcolor=#FFFFFF] [border: (2px inset #000000)]
                    RenderFlexibleBox {DIV} at (3,3) size 140x16
                      RenderBlock {DIV} at (0,8) size 0x0
                      RenderBlock {DIV} at (0,0) size 140x16
                      RenderBlock {DIV} at (140,8) size 0x0
                  RenderBR {BR} at (150,433) size 0x0
              RenderTableCell {TD} at (156,2) size 212x446 [r=0 c=1 rs=1 cs=1]
                RenderBlock {DIV} at (1,1) size 210x444
                  RenderTextControl {INPUT} at (2,2) size 166x23 [bgcolor=#FFFFFF] [border: (2px inset #000000)]
                    RenderFlexibleBox {DIV} at (3,3) size 160x17
                      RenderBlock {DIV} at (0,8) size 0x0
                      RenderBlock {DIV} at (0,0) size 160x17
                      RenderBlock {DIV} at (160,8) size 0x0
                  RenderBR {BR} at (170,19) size 0x0
                  RenderTextControl {INPUT} at (2,29) size 166x23 [bgcolor=#FFFFFF] [border: (2px inset #000000)]
                    RenderFlexibleBox {DIV} at (3,3) size 160x17
                      RenderBlock {DIV} at (0,8) size 0x0
                      RenderBlock {DIV} at (0,0) size 160x17
                      RenderBlock {DIV} at (160,8) size 0x0
                  RenderBR {BR} at (170,46) size 0x0
                  RenderTextControl {INPUT} at (2,56) size 166x23 [bgcolor=#FFFFFF] [border: (2px inset #000000)]
                    RenderFlexibleBox {DIV} at (3,3) size 160x17
                      RenderBlock {DIV} at (0,8) size 0x0
                      RenderBlock {DIV} at (0,0) size 160x17
                      RenderBlock {DIV} at (160,8) size 0x0
                  RenderBR {BR} at (170,73) size 0x0
                  RenderTextControl {INPUT} at (2,83) size 166x24 [bgcolor=#FFFFFF] [border: (2px inset #000000)]
                    RenderFlexibleBox {DIV} at (3,3) size 160x18
                      RenderBlock {DIV} at (0,9) size 0x0
                      RenderBlock {DIV} at (0,0) size 160x18
                      RenderBlock {DIV} at (160,9) size 0x0
                  RenderBR {BR} at (170,101) size 0x0
                  RenderTextControl {INPUT} at (2,111) size 166x24 [bgcolor=#FFFFFF] [border: (2px inset #000000)]
                    RenderFlexibleBox {DIV} at (3,3) size 160x18
                      RenderBlock {DIV} at (0,9) size 0x0
                      RenderBlock {DIV} at (0,0) size 160x18
                      RenderBlock {DIV} at (160,9) size 0x0
                  RenderBR {BR} at (170,129) size 0x0
                  RenderTextControl {INPUT} at (2,139) size 166x24 [bgcolor=#FFFFFF] [border: (2px inset #000000)]
                    RenderFlexibleBox {DIV} at (3,3) size 160x18
                      RenderBlock {DIV} at (0,9) size 0x0
                      RenderBlock {DIV} at (0,0) size 160x18
                      RenderBlock {DIV} at (160,9) size 0x0
                  RenderBR {BR} at (170,157) size 0x0
                  RenderTextControl {INPUT} at (2,167) size 186x26 [bgcolor=#FFFFFF] [border: (2px inset #000000)]
                    RenderFlexibleBox {DIV} at (3,3) size 180x20
                      RenderBlock {DIV} at (0,10) size 0x0
                      RenderBlock {DIV} at (0,0) size 180x20
                      RenderBlock {DIV} at (180,10) size 0x0
                  RenderBR {BR} at (190,186) size 0x0
                  RenderTextControl {INPUT} at (2,197) size 186x26 [bgcolor=#FFFFFF] [border: (2px inset #000000)]
                    RenderFlexibleBox {DIV} at (3,3) size 180x20
                      RenderBlock {DIV} at (0,10) size 0x0
                      RenderBlock {DIV} at (0,0) size 180x20
                      RenderBlock {DIV} at (180,10) size 0x0
                  RenderBR {BR} at (190,216) size 0x0
                  RenderTextControl {INPUT} at (2,227) size 186x26 [bgcolor=#FFFFFF] [border: (2px inset #000000)]
                    RenderFlexibleBox {DIV} at (3,3) size 180x20
                      RenderBlock {DIV} at (0,10) size 0x0
                      RenderBlock {DIV} at (0,0) size 180x20
                      RenderBlock {DIV} at (180,10) size 0x0
                  RenderBR {BR} at (190,246) size 0x0
                  RenderTextControl {INPUT} at (2,257) size 186x27 [bgcolor=#FFFFFF] [border: (2px inset #000000)]
                    RenderFlexibleBox {DIV} at (3,3) size 180x21
                      RenderBlock {DIV} at (0,10) size 0x0
                      RenderBlock {DIV} at (0,0) size 180x21
                      RenderBlock {DIV} at (180,10) size 0x0
                  RenderBR {BR} at (190,277) size 0x0
                  RenderTextControl {INPUT} at (2,288) size 186x27 [bgcolor=#FFFFFF] [border: (2px inset #000000)]
                    RenderFlexibleBox {DIV} at (3,3) size 180x21
                      RenderBlock {DIV} at (0,10) size 0x0
                      RenderBlock {DIV} at (0,0) size 180x21
                      RenderBlock {DIV} at (180,10) size 0x0
                  RenderBR {BR} at (190,308) size 0x0
                  RenderTextControl {INPUT} at (2,319) size 186x27 [bgcolor=#FFFFFF] [border: (2px inset #000000)]
                    RenderFlexibleBox {DIV} at (3,3) size 180x21
                      RenderBlock {DIV} at (0,10) size 0x0
                      RenderBlock {DIV} at (0,0) size 180x21
                      RenderBlock {DIV} at (180,10) size 0x0
                  RenderBR {BR} at (190,339) size 0x0
                  RenderTextControl {INPUT} at (2,350) size 206x28 [bgcolor=#FFFFFF] [border: (2px inset #000000)]
                    RenderFlexibleBox {DIV} at (3,3) size 200x22
                      RenderBlock {DIV} at (0,11) size 0x0
                      RenderBlock {DIV} at (0,0) size 200x22
                      RenderBlock {DIV} at (200,11) size 0x0
                  RenderBR {BR} at (210,370) size 0x0
                  RenderTextControl {INPUT} at (2,382) size 206x28 [bgcolor=#FFFFFF] [border: (2px inset #000000)]
                    RenderFlexibleBox {DIV} at (3,3) size 200x22
                      RenderBlock {DIV} at (0,11) size 0x0
                      RenderBlock {DIV} at (0,0) size 200x22
                      RenderBlock {DIV} at (200,11) size 0x0
                  RenderBR {BR} at (210,402) size 0x0
                  RenderTextControl {INPUT} at (2,414) size 206x28 [bgcolor=#FFFFFF] [border: (2px inset #000000)]
                    RenderFlexibleBox {DIV} at (3,3) size 200x22
                      RenderBlock {DIV} at (0,11) size 0x0
                      RenderBlock {DIV} at (0,0) size 200x22
                      RenderBlock {DIV} at (200,11) size 0x0
                  RenderBR {BR} at (210,434) size 0x0
              RenderTableCell {TD} at (370,17) size 252x416 [r=0 c=2 rs=1 cs=1]
                RenderBlock {DIV} at (1,1) size 250x414
                  RenderTextControl {INPUT} at (2,2) size 206x29 [bgcolor=#FFFFFF] [border: (2px inset #000000)]
                    RenderFlexibleBox {DIV} at (3,3) size 200x23
                      RenderBlock {DIV} at (0,11) size 0x0
                      RenderBlock {DIV} at (0,0) size 200x23
                      RenderBlock {DIV} at (200,11) size 0x0
                  RenderBR {BR} at (210,23) size 0x0
                  RenderTextControl {INPUT} at (2,35) size 206x29 [bgcolor=#FFFFFF] [border: (2px inset #000000)]
                    RenderFlexibleBox {DIV} at (3,3) size 200x23
                      RenderBlock {DIV} at (0,11) size 0x0
                      RenderBlock {DIV} at (0,0) size 200x23
                      RenderBlock {DIV} at (200,11) size 0x0
                  RenderBR {BR} at (210,56) size 0x0
                  RenderTextControl {INPUT} at (2,68) size 206x29 [bgcolor=#FFFFFF] [border: (2px inset #000000)]
                    RenderFlexibleBox {DIV} at (3,3) size 200x23
                      RenderBlock {DIV} at (0,11) size 0x0
                      RenderBlock {DIV} at (0,0) size 200x23
                      RenderBlock {DIV} at (200,11) size 0x0
                  RenderBR {BR} at (210,89) size 0x0
                  RenderTextControl {INPUT} at (2,101) size 226x30 [bgcolor=#FFFFFF] [border: (2px inset #000000)]
                    RenderFlexibleBox {DIV} at (3,3) size 220x24
                      RenderBlock {DIV} at (0,12) size 0x0
                      RenderBlock {DIV} at (0,0) size 220x24
                      RenderBlock {DIV} at (220,12) size 0x0
                  RenderBR {BR} at (230,123) size 0x0
                  RenderTextControl {INPUT} at (2,135) size 226x30 [bgcolor=#FFFFFF] [border: (2px inset #000000)]
                    RenderFlexibleBox {DIV} at (3,3) size 220x24
                      RenderBlock {DIV} at (0,12) size 0x0
                      RenderBlock {DIV} at (0,0) size 220x24
                      RenderBlock {DIV} at (220,12) size 0x0
                  RenderBR {BR} at (230,157) size 0x0
                  RenderTextControl {INPUT} at (2,169) size 226x30 [bgcolor=#FFFFFF] [border: (2px inset #000000)]
                    RenderFlexibleBox {DIV} at (3,3) size 220x24
                      RenderBlock {DIV} at (0,12) size 0x0
                      RenderBlock {DIV} at (0,0) size 220x24
                      RenderBlock {DIV} at (220,12) size 0x0
                  RenderBR {BR} at (230,191) size 0x0
                  RenderTextControl {INPUT} at (2,203) size 226x31 [bgcolor=#FFFFFF] [border: (2px inset #000000)]
                    RenderFlexibleBox {DIV} at (3,3) size 220x25
                      RenderBlock {DIV} at (0,12) size 0x0
                      RenderBlock {DIV} at (0,0) size 220x25
                      RenderBlock {DIV} at (220,12) size 0x0
                  RenderBR {BR} at (230,226) size 0x0
                  RenderTextControl {INPUT} at (2,238) size 226x31 [bgcolor=#FFFFFF] [border: (2px inset #000000)]
                    RenderFlexibleBox {DIV} at (3,3) size 220x25
                      RenderBlock {DIV} at (0,12) size 0x0
                      RenderBlock {DIV} at (0,0) size 220x25
                      RenderBlock {DIV} at (220,12) size 0x0
                  RenderBR {BR} at (230,261) size 0x0
                  RenderTextControl {INPUT} at (2,273) size 226x31 [bgcolor=#FFFFFF] [border: (2px inset #000000)]
                    RenderFlexibleBox {DIV} at (3,3) size 220x25
                      RenderBlock {DIV} at (0,12) size 0x0
                      RenderBlock {DIV} at (0,0) size 220x25
                      RenderBlock {DIV} at (220,12) size 0x0
                  RenderBR {BR} at (230,296) size 0x0
                  RenderTextControl {INPUT} at (2,308) size 246x32 [bgcolor=#FFFFFF] [border: (2px inset #000000)]
                    RenderFlexibleBox {DIV} at (3,3) size 240x26
                      RenderBlock {DIV} at (0,13) size 0x0
                      RenderBlock {DIV} at (0,0) size 240x26
                      RenderBlock {DIV} at (240,13) size 0x0
                  RenderBR {BR} at (250,332) size 0x0
                  RenderTextControl {INPUT} at (2,344) size 246x32 [bgcolor=#FFFFFF] [border: (2px inset #000000)]
                    RenderFlexibleBox {DIV} at (3,3) size 240x26
                      RenderBlock {DIV} at (0,13) size 0x0
                      RenderBlock {DIV} at (0,0) size 240x26
                      RenderBlock {DIV} at (240,13) size 0x0
                  RenderBR {BR} at (250,368) size 0x0
                  RenderTextControl {INPUT} at (2,380) size 246x32 [bgcolor=#FFFFFF] [border: (2px inset #000000)]
                    RenderFlexibleBox {DIV} at (3,3) size 240x26
                      RenderBlock {DIV} at (0,13) size 0x0
                      RenderBlock {DIV} at (0,0) size 240x26
                      RenderBlock {DIV} at (240,13) size 0x0
                  RenderBR {BR} at (250,404) size 0x0
layer at (14,49) size 80x9
  RenderBlock {DIV} at (0,0) size 80x9
layer at (14,64) size 80x9 scrollWidth 121 scrollHeight 10
  RenderBlock {DIV} at (0,0) size 80x9
    RenderText {#text} at (0,0) size 120x10
      text run at (0,0) width 120: "012345678901234567890123456789"
layer at (14,79) size 80x9 scrollWidth 121 scrollHeight 10
  RenderBlock {DIV} at (0,0) size 80x9
    RenderText {#text} at (0,0) size 120x10
      text run at (0,0) width 120: "012345678901234567890123456789"
layer at (14,94) size 100x10
  RenderBlock {DIV} at (0,0) size 100x10
layer at (14,110) size 100x10 scrollWidth 151 scrollHeight 11
  RenderBlock {DIV} at (0,0) size 100x10
    RenderText {#text} at (0,0) size 150x11
      text run at (0,0) width 150: "012345678901234567890123456789"
layer at (14,126) size 100x10 scrollWidth 151 scrollHeight 11
  RenderBlock {DIV} at (0,0) size 100x10
    RenderText {#text} at (0,0) size 150x11
      text run at (0,0) width 150: "012345678901234567890123456789"
layer at (14,142) size 100x12
  RenderBlock {DIV} at (0,0) size 100x12
layer at (14,160) size 100x12 scrollWidth 151
  RenderBlock {DIV} at (0,0) size 100x12
    RenderText {#text} at (0,0) size 150x12
      text run at (0,0) width 150: "012345678901234567890123456789"
layer at (14,178) size 100x12 scrollWidth 151
  RenderBlock {DIV} at (0,0) size 100x12
    RenderText {#text} at (0,0) size 150x12
      text run at (0,0) width 150: "012345678901234567890123456789"
layer at (16,198) size 120x13
  RenderBlock {DIV} at (0,0) size 120x13
layer at (16,221) size 120x13 scrollWidth 181
  RenderBlock {DIV} at (0,0) size 120x13
    RenderText {#text} at (0,0) size 180x13
      text run at (0,0) width 180: "012345678901234567890123456789"
layer at (16,244) size 120x13 scrollWidth 181
  RenderBlock {DIV} at (0,0) size 120x13
    RenderText {#text} at (0,0) size 180x13
      text run at (0,0) width 180: "012345678901234567890123456789"
layer at (16,267) size 120x14
  RenderBlock {DIV} at (0,0) size 120x14
layer at (16,291) size 120x14 scrollWidth 181
  RenderBlock {DIV} at (0,0) size 120x14
    RenderText {#text} at (0,0) size 180x14
      text run at (0,0) width 180: "012345678901234567890123456789"
layer at (16,315) size 120x14 scrollWidth 181
  RenderBlock {DIV} at (0,0) size 120x14
    RenderText {#text} at (0,0) size 180x14
      text run at (0,0) width 180: "012345678901234567890123456789"
layer at (16,339) size 140x15
  RenderBlock {DIV} at (0,0) size 140x15
layer at (16,364) size 140x15 scrollWidth 211
  RenderBlock {DIV} at (0,0) size 140x15
    RenderText {#text} at (0,0) size 210x15
      text run at (0,0) width 210: "012345678901234567890123456789"
layer at (16,389) size 140x15 scrollWidth 211
  RenderBlock {DIV} at (0,0) size 140x15
    RenderText {#text} at (0,0) size 210x15
      text run at (0,0) width 210: "012345678901234567890123456789"
layer at (16,414) size 140x16
  RenderBlock {DIV} at (0,0) size 140x16
layer at (16,440) size 140x16 scrollWidth 211 scrollHeight 17
  RenderBlock {DIV} at (0,0) size 140x16
    RenderText {#text} at (0,0) size 210x17
      text run at (0,0) width 210: "012345678901234567890123456789"
layer at (16,466) size 140x16 scrollWidth 211 scrollHeight 17
  RenderBlock {DIV} at (0,0) size 140x16
    RenderText {#text} at (0,0) size 210x17
      text run at (0,0) width 210: "012345678901234567890123456789"
layer at (170,50) size 160x17
  RenderBlock {DIV} at (0,0) size 160x17
layer at (170,77) size 160x17 scrollWidth 241 scrollHeight 18
  RenderBlock {DIV} at (0,0) size 160x17
    RenderText {#text} at (0,0) size 240x18
      text run at (0,0) width 240: "012345678901234567890123456789"
layer at (170,104) size 160x17 scrollWidth 241 scrollHeight 18
  RenderBlock {DIV} at (0,0) size 160x17
    RenderText {#text} at (0,0) size 240x18
      text run at (0,0) width 240: "012345678901234567890123456789"
layer at (170,131) size 160x18
  RenderBlock {DIV} at (0,0) size 160x18
layer at (170,159) size 160x18 scrollWidth 241 scrollHeight 19
  RenderBlock {DIV} at (0,0) size 160x18
    RenderText {#text} at (0,0) size 240x19
      text run at (0,0) width 240: "012345678901234567890123456789"
layer at (170,187) size 160x18 scrollWidth 241 scrollHeight 19
  RenderBlock {DIV} at (0,0) size 160x18
    RenderText {#text} at (0,0) size 240x19
      text run at (0,0) width 240: "012345678901234567890123456789"
layer at (170,215) size 180x20
  RenderBlock {DIV} at (0,0) size 180x20
layer at (170,245) size 180x20 scrollWidth 271
  RenderBlock {DIV} at (0,0) size 180x20
    RenderText {#text} at (0,0) size 270x20
      text run at (0,0) width 270: "012345678901234567890123456789"
layer at (170,275) size 180x20 scrollWidth 271
  RenderBlock {DIV} at (0,0) size 180x20
    RenderText {#text} at (0,0) size 270x20
      text run at (0,0) width 270: "012345678901234567890123456789"
layer at (170,305) size 180x21
  RenderBlock {DIV} at (0,0) size 180x21
layer at (170,336) size 180x21 scrollWidth 271
  RenderBlock {DIV} at (0,0) size 180x21
    RenderText {#text} at (0,0) size 270x21
      text run at (0,0) width 270: "012345678901234567890123456789"
layer at (170,367) size 180x21 scrollWidth 271
  RenderBlock {DIV} at (0,0) size 180x21
    RenderText {#text} at (0,0) size 270x21
      text run at (0,0) width 270: "012345678901234567890123456789"
layer at (170,398) size 200x22
  RenderBlock {DIV} at (0,0) size 200x22
layer at (170,430) size 200x22 scrollWidth 301
  RenderBlock {DIV} at (0,0) size 200x22
    RenderText {#text} at (0,0) size 300x22
      text run at (0,0) width 300: "012345678901234567890123456789"
layer at (170,462) size 200x22 scrollWidth 301
  RenderBlock {DIV} at (0,0) size 200x22
    RenderText {#text} at (0,0) size 300x22
      text run at (0,0) width 300: "012345678901234567890123456789"
layer at (384,65) size 200x23
  RenderBlock {DIV} at (0,0) size 200x23
layer at (384,98) size 200x23 scrollWidth 301
  RenderBlock {DIV} at (0,0) size 200x23
    RenderText {#text} at (0,0) size 300x23
      text run at (0,0) width 300: "012345678901234567890123456789"
layer at (384,131) size 200x23 scrollWidth 301
  RenderBlock {DIV} at (0,0) size 200x23
    RenderText {#text} at (0,0) size 300x23
      text run at (0,0) width 300: "012345678901234567890123456789"
layer at (384,164) size 220x24
  RenderBlock {DIV} at (0,0) size 220x24
layer at (384,198) size 220x24 scrollWidth 331
  RenderBlock {DIV} at (0,0) size 220x24
    RenderText {#text} at (0,0) size 330x24
      text run at (0,0) width 330: "012345678901234567890123456789"
layer at (384,232) size 220x24 scrollWidth 331
  RenderBlock {DIV} at (0,0) size 220x24
    RenderText {#text} at (0,0) size 330x24
      text run at (0,0) width 330: "012345678901234567890123456789"
layer at (384,266) size 220x25
  RenderBlock {DIV} at (0,0) size 220x25
layer at (384,301) size 220x25 scrollWidth 331
  RenderBlock {DIV} at (0,0) size 220x25
    RenderText {#text} at (0,0) size 330x25
      text run at (0,0) width 330: "012345678901234567890123456789"
layer at (384,336) size 220x25 scrollWidth 331
  RenderBlock {DIV} at (0,0) size 220x25
    RenderText {#text} at (0,0) size 330x25
      text run at (0,0) width 330: "012345678901234567890123456789"
layer at (384,371) size 240x26
  RenderBlock {DIV} at (0,0) size 240x26
layer at (384,407) size 240x26 scrollWidth 361
  RenderBlock {DIV} at (0,0) size 240x26
    RenderText {#text} at (0,0) size 360x26
      text run at (0,0) width 360: "012345678901234567890123456789"
layer at (384,443) size 240x26 scrollWidth 361
  RenderBlock {DIV} at (0,0) size 240x26
    RenderText {#text} at (0,0) size 360x26
      text run at (0,0) width 360: "012345678901234567890123456789"
