layer at (0,0) size 785x1298
  RenderView at (0,0) size 785x600
layer at (0,0) size 785x1298
  RenderBlock {HTML} at (0,0) size 785x1298
    RenderBody {BODY} at (0,0) size 785x1298
      RenderIFrame {IFRAME} at (0,0) size 785x661
        layer at (0,0) size 785x661
          RenderView at (0,0) size 785x661
        layer at (0,0) size 785x661
          RenderBlock {HTML} at (0,0) size 785x661
            RenderBody {BODY} at (0,5) size 785x656
              RenderBlock {DIV} at (0,0) size 785x18
                RenderText {#text} at (0,0) size 196x19
                  text run at (0,0) width 196: "CompatMode: CSS1Compat"
              RenderBlock (anonymous) at (0,23) size 785x633
                RenderBlock {DIV} at (0,30) size 147x57 [border: (1px solid #0000FF)]
                  RenderBlock {SPAN} at (1,12) size 80x0
                  RenderBR {BR} at (81,1) size 0x14
                RenderBlock {DIV} at (147,30) size 147x57 [border: (1px solid #0000FF)]
                  RenderBlock {SPAN} at (1,1) size 80x14
                    RenderText {#text} at (0,0) size 76x14
                      text run at (0,0) width 76: "disabled: \"true\","
                  RenderBR {BR} at (81,1) size 0x14
                RenderBlock {DIV} at (294,0) size 163x87 [border: (1px solid #0000FF)]
                  RenderBlock {SPAN} at (1,1) size 80x28
                    RenderText {#text} at (0,0) size 78x28
                      text run at (0,0) width 25: "style:"
                      text run at (0,14) width 78: "\"padding:10px\","
                  RenderBR {BR} at (81,15) size 0x14
                RenderBlock {DIV} at (457,20) size 143x67 [border: (1px solid #0000FF)]
                  RenderBlock {SPAN} at (1,1) size 80x28
                    RenderText {#text} at (0,0) size 72x28
                      text run at (0,0) width 25: "style:"
                      text run at (0,14) width 72: "\"padding:0px\","
                  RenderBR {BR} at (81,15) size 0x14
                RenderBlock {DIV} at (600,0) size 163x87 [border: (1px solid #0000FF)]
                  RenderBlock {SPAN} at (1,1) size 80x28
                    RenderText {#text} at (0,0) size 73x28
                      text run at (0,0) width 25: "style:"
                      text run at (0,14) width 73: "\"margin:10px\","
                  RenderBR {BR} at (81,15) size 0x14
                RenderBlock {DIV} at (0,141) size 143x67 [border: (1px solid #0000FF)]
                  RenderBlock {SPAN} at (1,1) size 80x28
                    RenderText {#text} at (0,0) size 67x28
                      text run at (0,0) width 25: "style:"
                      text run at (0,14) width 67: "\"margin:0px\","
                  RenderBR {BR} at (81,15) size 0x14
                RenderBlock {DIV} at (143,137) size 82x71 [border: (1px solid #0000FF)]
                  RenderBlock {SPAN} at (1,1) size 80x28
                    RenderText {#text} at (0,0) size 67x28
                      text run at (0,0) width 25: "style:"
                      text run at (0,14) width 67: "\"width:60px\","
                  RenderBR {BR} at (81,15) size 0x14
                RenderBlock {DIV} at (225,87) size 104x121 [border: (1px solid #0000FF)]
                  RenderBlock {SPAN} at (1,1) size 80x42
                    RenderText {#text} at (0,0) size 73x42
                      text run at (0,0) width 25: "style:"
                      text run at (0,14) width 62: "\"width:60px;"
                      text run at (0,28) width 73: "padding:20px\","
                  RenderBR {BR} at (81,29) size 0x14
                RenderBlock {DIV} at (329,127) size 82x81 [border: (1px solid #0000FF)]
                  RenderBlock {SPAN} at (1,1) size 80x42
                    RenderText {#text} at (0,0) size 62x42
                      text run at (0,0) width 25: "style:"
                      text run at (0,14) width 62: "\"width:60px;"
                      text run at (0,28) width 55: "padding:0\","
                  RenderBR {BR} at (81,29) size 0x14
                RenderBlock {DIV} at (411,109) size 147x99 [border: (1px solid #0000FF)]
                  RenderBlock {SPAN} at (1,1) size 80x28
                    RenderText {#text} at (0,0) size 69x28
                      text run at (0,0) width 25: "style:"
                      text run at (0,14) width 69: "\"height:60px\","
                  RenderBR {BR} at (81,15) size 0x14
                RenderBlock {DIV} at (558,95) size 82x113 [border: (1px solid #0000FF)]
                  RenderBlock {SPAN} at (1,1) size 80x42
                    RenderText {#text} at (0,0) size 64x42
                      text run at (0,0) width 25: "style:"
                      text run at (0,14) width 62: "\"width:60px;"
                      text run at (0,28) width 64: "height:60px\","
                  RenderBR {BR} at (81,29) size 0x14
                RenderBlock {DIV} at (0,264) size 147x71 [border: (1px solid #0000FF)]
                  RenderBlock {SPAN} at (1,1) size 80x28
                    RenderText {#text} at (0,0) size 91x28
                      text run at (0,0) width 25: "style:"
                      text run at (0,14) width 91: "\"overflow:hidden\","
                  RenderBR {BR} at (81,15) size 0x14
                RenderBlock {DIV} at (147,249) size 147x86 [border: (1px solid #0000FF)]
                  RenderBlock {SPAN} at (1,1) size 80x28
                    RenderText {#text} at (0,0) size 85x28
                      text run at (0,0) width 25: "style:"
                      text run at (0,14) width 85: "\"overflow:scroll\","
                  RenderBR {BR} at (81,15) size 0x14
                RenderBlock {DIV} at (294,208) size 82x127 [border: (1px solid #0000FF)]
                  RenderBlock {SPAN} at (1,1) size 80x56
                    RenderText {#text} at (0,0) size 86x56
                      text run at (0,0) width 25: "style:"
                      text run at (0,14) width 86: "\"overflow:hidden;"
                      text run at (0,28) width 57: "width:60px;"
                      text run at (0,42) width 64: "height:60px\","
                  RenderBR {BR} at (81,43) size 0x14
                RenderBlock {DIV} at (376,208) size 82x127 [border: (1px solid #0000FF)]
                  RenderBlock {SPAN} at (1,1) size 80x56
                    RenderText {#text} at (0,0) size 80x56
                      text run at (0,0) width 25: "style:"
                      text run at (0,14) width 80: "\"overflow:scroll;"
                      text run at (0,28) width 57: "width:60px;"
                      text run at (0,42) width 64: "height:60px\","
                  RenderBR {BR} at (81,43) size 0x14
                RenderBlock {DIV} at (458,222) size 82x113 [border: (1px solid #0000FF)]
                  RenderBlock {SPAN} at (1,1) size 80x42
                    RenderText {#text} at (0,0) size 72x42
                      text run at (0,0) width 72: "cols: \"5\", style:"
                      text run at (0,14) width 62: "\"width:60px;"
                      text run at (0,28) width 64: "height:60px\","
                  RenderBR {BR} at (81,29) size 0x14
                RenderBlock {DIV} at (540,222) size 82x113 [border: (1px solid #0000FF)]
                  RenderBlock {SPAN} at (1,1) size 80x42
                    RenderText {#text} at (0,0) size 77x42
                      text run at (0,0) width 77: "rows: \"4\", style:"
                      text run at (0,14) width 62: "\"width:60px;"
                      text run at (0,28) width 64: "height:60px\","
                  RenderBR {BR} at (81,29) size 0x14
                RenderBlock {DIV} at (622,208) size 82x127 [border: (1px solid #0000FF)]
                  RenderBlock {SPAN} at (1,1) size 80x56
                    RenderText {#text} at (0,0) size 74x56
                      text run at (0,0) width 74: "cols: \"5\", rows:"
                      text run at (0,14) width 47: "\"4\", style:"
                      text run at (0,28) width 62: "\"width:60px;"
                      text run at (0,42) width 64: "height:60px\","
                  RenderBR {BR} at (81,43) size 0x14
                RenderBlock {DIV} at (0,405) size 82x57 [border: (1px solid #0000FF)]
                  RenderBlock {SPAN} at (1,1) size 80x14
                    RenderText {#text} at (0,0) size 44x14
                      text run at (0,0) width 44: "cols: \"3\","
                  RenderBR {BR} at (81,1) size 0x14
                RenderBlock {DIV} at (82,391) size 147x71 [border: (1px solid #0000FF)]
                  RenderBlock {SPAN} at (1,1) size 80x14
                    RenderText {#text} at (0,0) size 49x14
                      text run at (0,0) width 49: "rows: \"3\","
                  RenderBR {BR} at (81,1) size 0x14
                RenderBlock {DIV} at (229,405) size 82x57 [border: (1px solid #0000FF)]
                  RenderBlock {SPAN} at (1,1) size 80x14
                    RenderText {#text} at (0,0) size 44x14
                      text run at (0,0) width 44: "cols: \"7\","
                  RenderBR {BR} at (81,1) size 0x14
                RenderBlock {DIV} at (311,335) size 147x127 [border: (1px solid #0000FF)]
                  RenderBlock {SPAN} at (1,1) size 80x14
                    RenderText {#text} at (0,0) size 49x14
                      text run at (0,0) width 49: "rows: \"7\","
                  RenderBR {BR} at (81,1) size 0x14
                RenderBlock {DIV} at (458,363) size 82x99 [border: (1px solid #0000FF)]
                  RenderBlock {SPAN} at (1,1) size 80x28
                    RenderText {#text} at (0,0) size 74x28
                      text run at (0,0) width 74: "cols: \"5\", rows:"
                      text run at (0,14) width 19: "\"4\","
                  RenderBR {BR} at (81,15) size 0x14
                RenderBlock {DIV} at (540,390) size 147x72 [border: (1px solid #0000FF)]
                  RenderBlock {SPAN} at (1,1) size 80x14
                    RenderText {#text} at (0,0) size 57x14
                      text run at (0,0) width 57: "wrap: \"off\","
                  RenderBR {BR} at (81,1) size 0x14
                RenderBlock {DIV} at (0,476) size 147x57 [border: (1px solid #0000FF)]
                  RenderBlock {SPAN} at (1,1) size 80x14
                    RenderText {#text} at (0,0) size 64x14
                      text run at (0,0) width 64: "wrap: \"hard\","
                  RenderBR {BR} at (81,1) size 0x14
                RenderBlock {DIV} at (147,476) size 147x57 [border: (1px solid #0000FF)]
                  RenderBlock {SPAN} at (1,1) size 80x14
                    RenderText {#text} at (0,0) size 61x14
                      text run at (0,0) width 61: "wrap: \"soft\","
                  RenderBR {BR} at (81,1) size 0x14
                RenderBlock {DIV} at (294,462) size 147x71 [border: (1px solid #0000FF)]
                  RenderBlock {SPAN} at (1,1) size 80x28
                    RenderText {#text} at (0,0) size 70x28
                      text run at (0,0) width 63: "style: \"white-"
                      text run at (0,14) width 70: "space:normal\","
                  RenderBR {BR} at (81,15) size 0x14
                RenderBlock {DIV} at (441,462) size 147x71 [border: (1px solid #0000FF)]
                  RenderBlock {SPAN} at (1,1) size 80x28
                    RenderText {#text} at (0,0) size 63x28
                      text run at (0,0) width 63: "style: \"white-"
                      text run at (0,14) width 52: "space:pre\","
                  RenderBR {BR} at (81,15) size 0x14
                RenderBlock {DIV} at (588,462) size 147x71 [border: (1px solid #0000FF)]
                  RenderBlock {SPAN} at (1,1) size 80x28
                    RenderText {#text} at (0,0) size 76x28
                      text run at (0,0) width 63: "style: \"white-"
                      text run at (0,14) width 76: "space:prewrap\","
                  RenderBR {BR} at (81,15) size 0x14
                RenderBlock {DIV} at (0,562) size 147x71 [border: (1px solid #0000FF)]
                  RenderBlock {SPAN} at (1,1) size 80x28
                    RenderText {#text} at (0,0) size 73x28
                      text run at (0,0) width 63: "style: \"white-"
                      text run at (0,14) width 73: "space:nowrap\","
                  RenderBR {BR} at (81,15) size 0x14
                RenderBlock {DIV} at (147,562) size 147x71 [border: (1px solid #0000FF)]
                  RenderBlock {SPAN} at (1,1) size 80x28
                    RenderText {#text} at (0,0) size 73x28
                      text run at (0,0) width 63: "style: \"white-"
                      text run at (0,14) width 73: "space:pre-line\","
                  RenderBR {BR} at (81,15) size 0x14
                RenderBlock {DIV} at (294,547) size 147x86 [border: (1px solid #0000FF)]
                  RenderBlock {SPAN} at (1,1) size 80x28
                    RenderText {#text} at (0,0) size 68x28
                      text run at (0,0) width 62: "style: \"word-"
                      text run at (0,14) width 68: "wrap:normal\","
                  RenderBR {BR} at (81,15) size 0x14
                RenderBlock {DIV} at (441,533) size 147x100 [border: (1px solid #0000FF)]
                  RenderBlock {SPAN} at (1,1) size 80x42
                    RenderText {#text} at (0,0) size 80x42
                      text run at (0,0) width 57: "wrap: \"off\","
                      text run at (0,14) width 63: "style: \"white-"
                      text run at (0,28) width 80: "space:pre-wrap\","
                  RenderBR {BR} at (81,29) size 0x14
        layer at (3,75) size 141x34 clip at (4,76) size 139x32
          RenderTextControl {TEXTAREA} at (3,17) size 141x34 [bgcolor=#FFFFFF] [border: (1px solid #000000)]
            RenderBlock {DIV} at (3,3) size 135x14
              RenderText {#text} at (0,0) size 91x14
                text run at (0,0) width 91: "Lorem ipsum dolor"
        layer at (150,75) size 141x34 clip at (151,76) size 124x32 scrollHeight 60
          RenderTextControl {TEXTAREA} at (3,17) size 141x34 [bgcolor=#FFFFFF] [border: (1px solid #000000)]
            RenderBlock {DIV} at (3,3) size 120x56 [color=#545454]
              RenderText {#text} at (0,0) size 120x56
                text run at (0,0) width 94: "Lorem ipsum  dolor"
                text run at (94,0) width 3: " "
                text run at (0,14) width 120: "ABCDEFGHIJKLMNO"
                text run at (0,28) width 92: "PQRSTUVWXYZ"
                text run at (92,28) width 3: " "
                text run at (0,42) width 115: "abcdefghijklmnopqrstuv"
        layer at (297,59) size 157x50 clip at (298,60) size 140x48 scrollHeight 76
          RenderTextControl {TEXTAREA} at (3,31) size 157x50 [bgcolor=#FFFFFF] [border: (1px solid #000000)]
            RenderBlock {DIV} at (11,11) size 120x56
              RenderText {#text} at (0,0) size 120x56
                text run at (0,0) width 94: "Lorem ipsum  dolor"
                text run at (94,0) width 3: " "
                text run at (0,14) width 120: "ABCDEFGHIJKLMNO"
                text run at (0,28) width 92: "PQRSTUVWXYZ"
                text run at (92,28) width 3: " "
                text run at (0,42) width 115: "abcdefghijklmnopqrstuv"
        layer at (460,79) size 137x30 clip at (461,80) size 120x28 scrollHeight 56
          RenderTextControl {TEXTAREA} at (3,31) size 137x30 [bgcolor=#FFFFFF] [border: (1px solid #000000)]
            RenderBlock {DIV} at (1,1) size 120x56
              RenderText {#text} at (0,0) size 120x56
                text run at (0,0) width 94: "Lorem ipsum  dolor"
                text run at (94,0) width 3: " "
                text run at (0,14) width 120: "ABCDEFGHIJKLMNO"
                text run at (0,28) width 92: "PQRSTUVWXYZ"
                text run at (92,28) width 3: " "
                text run at (0,42) width 115: "abcdefghijklmnopqrstuv"
        layer at (611,67) size 141x34 clip at (612,68) size 124x32 scrollHeight 60
          RenderTextControl {TEXTAREA} at (11,39) size 141x34 [bgcolor=#FFFFFF] [border: (1px solid #000000)]
            RenderBlock {DIV} at (3,3) size 120x56
              RenderText {#text} at (0,0) size 120x56
                text run at (0,0) width 94: "Lorem ipsum  dolor"
                text run at (94,0) width 3: " "
                text run at (0,14) width 120: "ABCDEFGHIJKLMNO"
                text run at (0,28) width 92: "PQRSTUVWXYZ"
                text run at (92,28) width 3: " "
                text run at (0,42) width 115: "abcdefghijklmnopqrstuv"
        layer at (1,198) size 141x34 clip at (2,199) size 124x32 scrollHeight 60
          RenderTextControl {TEXTAREA} at (1,29) size 141x34 [bgcolor=#FFFFFF] [border: (1px solid #000000)]
            RenderBlock {DIV} at (3,3) size 120x56
              RenderText {#text} at (0,0) size 120x56
                text run at (0,0) width 94: "Lorem ipsum  dolor"
                text run at (94,0) width 3: " "
                text run at (0,14) width 120: "ABCDEFGHIJKLMNO"
                text run at (0,28) width 92: "PQRSTUVWXYZ"
                text run at (92,28) width 3: " "
                text run at (0,42) width 115: "abcdefghijklmnopqrstuv"
        layer at (144,196) size 66x34 clip at (145,197) size 49x32 scrollHeight 158
          RenderTextControl {TEXTAREA} at (1,31) size 66x34 [bgcolor=#FFFFFF] [border: (1px solid #000000)]
            RenderBlock {DIV} at (3,3) size 45x154
              RenderText {#text} at (0,0) size 45x154
                text run at (0,0) width 31: "Lorem"
                text run at (31,0) width 3: " "
                text run at (0,14) width 29: "ipsum"
                text run at (29,14) width 6: "  "
                text run at (0,28) width 25: "dolor"
                text run at (25,28) width 3: " "
                text run at (0,42) width 41: "ABCDE"
                text run at (0,56) width 43: "FGHIJK"
                text run at (0,70) width 43: "LMNOP"
                text run at (0,84) width 40: "QRSTU"
                text run at (0,98) width 45: "VWXYZ"
                text run at (45,98) width 0: " "
                text run at (0,112) width 43: "abcdefgh"
                text run at (0,126) width 42: "ijklmnop"
                text run at (0,140) width 30: "qrstuv"
        layer at (226,160) size 102x70 clip at (227,161) size 85x68 scrollHeight 194
          RenderTextControl {TEXTAREA} at (1,45) size 102x70 [bgcolor=#FFFFFF] [border: (1px solid #000000)]
            RenderBlock {DIV} at (21,21) size 45x154
              RenderText {#text} at (0,0) size 45x154
                text run at (0,0) width 31: "Lorem"
                text run at (31,0) width 3: " "
                text run at (0,14) width 29: "ipsum"
                text run at (29,14) width 6: "  "
                text run at (0,28) width 25: "dolor"
                text run at (25,28) width 3: " "
                text run at (0,42) width 41: "ABCDE"
                text run at (0,56) width 43: "FGHIJK"
                text run at (0,70) width 43: "LMNOP"
                text run at (0,84) width 40: "QRSTU"
                text run at (0,98) width 45: "VWXYZ"
                text run at (45,98) width 0: " "
                text run at (0,112) width 43: "abcdefgh"
                text run at (0,126) width 42: "ijklmnop"
                text run at (0,140) width 30: "qrstuv"
        layer at (330,200) size 62x30 clip at (331,201) size 45x28 scrollHeight 154
          RenderTextControl {TEXTAREA} at (1,45) size 62x30 [bgcolor=#FFFFFF] [border: (1px solid #000000)]
            RenderBlock {DIV} at (1,1) size 45x154
              RenderText {#text} at (0,0) size 45x154
                text run at (0,0) width 31: "Lorem"
                text run at (31,0) width 3: " "
                text run at (0,14) width 29: "ipsum"
                text run at (29,14) width 6: "  "
                text run at (0,28) width 25: "dolor"
                text run at (25,28) width 3: " "
                text run at (0,42) width 41: "ABCDE"
                text run at (0,56) width 43: "FGHIJK"
                text run at (0,70) width 43: "LMNOP"
                text run at (0,84) width 40: "QRSTU"
                text run at (0,98) width 45: "VWXYZ"
                text run at (45,98) width 0: " "
                text run at (0,112) width 43: "abcdefgh"
                text run at (0,126) width 42: "ijklmnop"
                text run at (0,140) width 30: "qrstuv"
        layer at (414,166) size 141x66 clip at (415,167) size 139x64
          RenderTextControl {TEXTAREA} at (3,29) size 141x66 [bgcolor=#FFFFFF] [border: (1px solid #000000)]
            RenderBlock {DIV} at (3,3) size 135x56
              RenderText {#text} at (0,0) size 127x56
                text run at (0,0) width 94: "Lorem ipsum  dolor"
                text run at (94,0) width 3: " "
                text run at (0,14) width 127: "ABCDEFGHIJKLMNOP"
                text run at (0,28) width 85: "QRSTUVWXYZ"
                text run at (85,28) width 3: " "
                text run at (0,42) width 115: "abcdefghijklmnopqrstuv"
        layer at (559,166) size 66x66 clip at (560,167) size 49x64 scrollHeight 158
          RenderTextControl {TEXTAREA} at (1,43) size 66x66 [bgcolor=#FFFFFF] [border: (1px solid #000000)]
            RenderBlock {DIV} at (3,3) size 45x154
              RenderText {#text} at (0,0) size 45x154
                text run at (0,0) width 31: "Lorem"
                text run at (31,0) width 3: " "
                text run at (0,14) width 29: "ipsum"
                text run at (29,14) width 6: "  "
                text run at (0,28) width 25: "dolor"
                text run at (25,28) width 3: " "
                text run at (0,42) width 41: "ABCDE"
                text run at (0,56) width 43: "FGHIJK"
                text run at (0,70) width 43: "LMNOP"
                text run at (0,84) width 40: "QRSTU"
                text run at (0,98) width 45: "VWXYZ"
                text run at (45,98) width 0: " "
                text run at (0,112) width 43: "abcdefgh"
                text run at (0,126) width 42: "ijklmnop"
                text run at (0,140) width 30: "qrstuv"
        layer at (3,323) size 141x34 clip at (4,324) size 139x32 scrollHeight 60
          RenderTextControl {TEXTAREA} at (3,31) size 141x34 [bgcolor=#FFFFFF] [border: (1px solid #000000)]
            RenderBlock {DIV} at (3,3) size 135x56
              RenderText {#text} at (0,0) size 127x56
                text run at (0,0) width 94: "Lorem ipsum  dolor"
                text run at (94,0) width 3: " "
                text run at (0,14) width 127: "ABCDEFGHIJKLMNOP"
                text run at (0,28) width 85: "QRSTUVWXYZ"
                text run at (85,28) width 3: " "
                text run at (0,42) width 115: "abcdefghijklmnopqrstuv"
        layer at (150,308) size 141x49 clip at (151,309) size 124x32 scrollHeight 60
          RenderTextControl {TEXTAREA} at (3,31) size 141x49 [bgcolor=#FFFFFF] [border: (1px solid #000000)]
            RenderBlock {DIV} at (3,3) size 120x56
              RenderText {#text} at (0,0) size 120x56
                text run at (0,0) width 94: "Lorem ipsum  dolor"
                text run at (94,0) width 3: " "
                text run at (0,14) width 120: "ABCDEFGHIJKLMNO"
                text run at (0,28) width 92: "PQRSTUVWXYZ"
                text run at (92,28) width 3: " "
                text run at (0,42) width 115: "abcdefghijklmnopqrstuv"
        layer at (295,293) size 66x66 clip at (296,294) size 64x64 scrollHeight 116
          RenderTextControl {TEXTAREA} at (1,57) size 66x66 [bgcolor=#FFFFFF] [border: (1px solid #000000)]
            RenderBlock {DIV} at (3,3) size 60x112
              RenderText {#text} at (0,0) size 60x112
                text run at (0,0) width 31: "Lorem"
                text run at (31,0) width 3: " "
                text run at (0,14) width 60: "ipsum  dolor"
                text run at (60,14) width 0: " "
                text run at (0,28) width 57: "ABCDEFG"
                text run at (0,42) width 54: "HIJKLMN"
                text run at (0,56) width 56: "OPQRSTU"
                text run at (0,70) width 45: "VWXYZ"
                text run at (45,70) width 3: " "
                text run at (0,84) width 58: "abcdefghijkl"
                text run at (0,98) width 57: "mnopqrstuv"
        layer at (377,293) size 66x66 clip at (378,294) size 49x49 scrollHeight 158
          RenderTextControl {TEXTAREA} at (1,57) size 66x66 [bgcolor=#FFFFFF] [border: (1px solid #000000)]
            RenderBlock {DIV} at (3,3) size 45x154
              RenderText {#text} at (0,0) size 45x154
                text run at (0,0) width 31: "Lorem"
                text run at (31,0) width 3: " "
                text run at (0,14) width 29: "ipsum"
                text run at (29,14) width 6: "  "
                text run at (0,28) width 25: "dolor"
                text run at (25,28) width 3: " "
                text run at (0,42) width 41: "ABCDE"
                text run at (0,56) width 43: "FGHIJK"
                text run at (0,70) width 43: "LMNOP"
                text run at (0,84) width 40: "QRSTU"
                text run at (0,98) width 45: "VWXYZ"
                text run at (45,98) width 0: " "
                text run at (0,112) width 43: "abcdefgh"
                text run at (0,126) width 42: "ijklmnop"
                text run at (0,140) width 30: "qrstuv"
        layer at (459,293) size 66x66 clip at (460,294) size 49x64 scrollHeight 158
          RenderTextControl {TEXTAREA} at (1,43) size 66x66 [bgcolor=#FFFFFF] [border: (1px solid #000000)]
            RenderBlock {DIV} at (3,3) size 45x154
              RenderText {#text} at (0,0) size 45x154
                text run at (0,0) width 31: "Lorem"
                text run at (31,0) width 3: " "
                text run at (0,14) width 29: "ipsum"
                text run at (29,14) width 6: "  "
                text run at (0,28) width 25: "dolor"
                text run at (25,28) width 3: " "
                text run at (0,42) width 41: "ABCDE"
                text run at (0,56) width 43: "FGHIJK"
                text run at (0,70) width 43: "LMNOP"
                text run at (0,84) width 40: "QRSTU"
                text run at (0,98) width 45: "VWXYZ"
                text run at (45,98) width 0: " "
                text run at (0,112) width 43: "abcdefgh"
                text run at (0,126) width 42: "ijklmnop"
                text run at (0,140) width 30: "qrstuv"
        layer at (541,293) size 66x66 clip at (542,294) size 49x64 scrollHeight 158
          RenderTextControl {TEXTAREA} at (1,43) size 66x66 [bgcolor=#FFFFFF] [border: (1px solid #000000)]
            RenderBlock {DIV} at (3,3) size 45x154
              RenderText {#text} at (0,0) size 45x154
                text run at (0,0) width 31: "Lorem"
                text run at (31,0) width 3: " "
                text run at (0,14) width 29: "ipsum"
                text run at (29,14) width 6: "  "
                text run at (0,28) width 25: "dolor"
                text run at (25,28) width 3: " "
                text run at (0,42) width 41: "ABCDE"
                text run at (0,56) width 43: "FGHIJK"
                text run at (0,70) width 43: "LMNOP"
                text run at (0,84) width 40: "QRSTU"
                text run at (0,98) width 45: "VWXYZ"
                text run at (45,98) width 0: " "
                text run at (0,112) width 43: "abcdefgh"
                text run at (0,126) width 42: "ijklmnop"
                text run at (0,140) width 30: "qrstuv"
        layer at (623,293) size 66x66 clip at (624,294) size 49x64 scrollHeight 158
          RenderTextControl {TEXTAREA} at (1,57) size 66x66 [bgcolor=#FFFFFF] [border: (1px solid #000000)]
            RenderBlock {DIV} at (3,3) size 45x154
              RenderText {#text} at (0,0) size 45x154
                text run at (0,0) width 31: "Lorem"
                text run at (31,0) width 3: " "
                text run at (0,14) width 29: "ipsum"
                text run at (29,14) width 6: "  "
                text run at (0,28) width 25: "dolor"
                text run at (25,28) width 3: " "
                text run at (0,42) width 41: "ABCDE"
                text run at (0,56) width 43: "FGHIJK"
                text run at (0,70) width 43: "LMNOP"
                text run at (0,84) width 40: "QRSTU"
                text run at (0,98) width 45: "VWXYZ"
                text run at (45,98) width 0: " "
                text run at (0,112) width 43: "abcdefgh"
                text run at (0,126) width 42: "ijklmnop"
                text run at (0,140) width 30: "qrstuv"
        layer at (3,450) size 39x34 clip at (4,451) size 22x32 scrollHeight 382
          RenderTextControl {TEXTAREA} at (3,17) size 39x34 [bgcolor=#FFFFFF] [border: (1px solid #000000)]
            RenderBlock {DIV} at (3,3) size 18x378
              RenderText {#text} at (0,0) size 18x378
                text run at (0,0) width 17: "Lor"
                text run at (0,14) width 14: "em"
                text run at (14,14) width 3: " "
                text run at (0,28) width 14: "ips"
                text run at (0,42) width 15: "um"
                text run at (15,42) width 3: "  "
                text run at (0,56) width 15: "dol"
                text run at (0,70) width 10: "or"
                text run at (10,70) width 3: " "
                text run at (0,84) width 17: "AB"
                text run at (0,98) width 17: "CD"
                text run at (0,112) width 14: "EF"
                text run at (0,126) width 18: "GH"
                text run at (0,140) width 18: "IJK"
                text run at (0,154) width 18: "LM"
                text run at (0,168) width 18: "NO"
                text run at (0,182) width 16: "PQ"
                text run at (0,196) width 15: "RS"
                text run at (0,210) width 16: "TU"
                text run at (0,224) width 9: "V"
                text run at (0,238) width 11: "W"
                text run at (0,252) width 18: "XY"
                text run at (0,266) width 7: "Z"
                text run at (7,266) width 3: " "
                text run at (0,280) width 16: "abc"
                text run at (0,294) width 15: "def"
                text run at (0,308) width 18: "ghij"
                text run at (0,322) width 18: "klm"
                text run at (0,336) width 18: "nop"
                text run at (0,350) width 18: "qrst"
                text run at (0,364) width 12: "uv"
        layer at (85,436) size 141x48 clip at (86,437) size 124x46 scrollHeight 60
          RenderTextControl {TEXTAREA} at (3,17) size 141x48 [bgcolor=#FFFFFF] [border: (1px solid #000000)]
            RenderBlock {DIV} at (3,3) size 120x56
              RenderText {#text} at (0,0) size 120x56
                text run at (0,0) width 94: "Lorem ipsum  dolor"
                text run at (94,0) width 3: " "
                text run at (0,14) width 120: "ABCDEFGHIJKLMNO"
                text run at (0,28) width 92: "PQRSTUVWXYZ"
                text run at (92,28) width 3: " "
                text run at (0,42) width 115: "abcdefghijklmnopqrstuv"
        layer at (232,450) size 63x34 clip at (233,451) size 46x32 scrollHeight 172
          RenderTextControl {TEXTAREA} at (3,17) size 63x34 [bgcolor=#FFFFFF] [border: (1px solid #000000)]
            RenderBlock {DIV} at (3,3) size 42x168
              RenderText {#text} at (0,0) size 42x168
                text run at (0,0) width 31: "Lorem"
                text run at (31,0) width 3: " "
                text run at (0,14) width 29: "ipsum"
                text run at (29,14) width 6: "  "
                text run at (0,28) width 25: "dolor"
                text run at (25,28) width 3: " "
                text run at (0,42) width 41: "ABCDE"
                text run at (0,56) width 34: "FGHIJ"
                text run at (0,70) width 36: "KLMN"
                text run at (0,84) width 40: "OPQRS"
                text run at (0,98) width 36: "TUVW"
                text run at (0,112) width 25: "XYZ"
                text run at (25,112) width 3: " "
                text run at (0,126) width 37: "abcdefg"
                text run at (0,140) width 42: "hijklmno"
                text run at (0,154) width 36: "pqrstuv"
        layer at (314,380) size 141x104 clip at (315,381) size 139x102
          RenderTextControl {TEXTAREA} at (3,17) size 141x104 [bgcolor=#FFFFFF] [border: (1px solid #000000)]
            RenderBlock {DIV} at (3,3) size 135x56
              RenderText {#text} at (0,0) size 127x56
                text run at (0,0) width 94: "Lorem ipsum  dolor"
                text run at (94,0) width 3: " "
                text run at (0,14) width 127: "ABCDEFGHIJKLMNOP"
                text run at (0,28) width 85: "QRSTUVWXYZ"
                text run at (85,28) width 3: " "
                text run at (0,42) width 115: "abcdefghijklmnopqrstuv"
        layer at (461,422) size 51x62 clip at (462,423) size 34x60 scrollHeight 242
          RenderTextControl {TEXTAREA} at (3,31) size 51x62 [bgcolor=#FFFFFF] [border: (1px solid #000000)]
            RenderBlock {DIV} at (3,3) size 30x238
              RenderText {#text} at (0,0) size 30x238
                text run at (0,0) width 22: "Lore"
                text run at (0,14) width 9: "m"
                text run at (9,14) width 3: " "
                text run at (0,28) width 29: "ipsum"
                text run at (29,28) width 1: "  "
                text run at (0,42) width 25: "dolor"
                text run at (25,42) width 3: " "
                text run at (0,56) width 25: "ABC"
                text run at (0,70) width 23: "DEF"
                text run at (0,84) width 27: "GHIJ"
                text run at (0,98) width 27: "KLM"
                text run at (0,112) width 25: "NOP"
                text run at (0,126) width 24: "QRS"
                text run at (0,140) width 25: "TUV"
                text run at (0,154) width 29: "WXY"
                text run at (0,168) width 7: "Z"
                text run at (7,168) width 3: " "
                text run at (0,182) width 27: "abcde"
                text run at (0,196) width 28: "fghijk"
                text run at (0,210) width 30: "lmnop"
                text run at (0,224) width 30: "qrstuv"
        layer at (543,435) size 141x49 clip at (544,436) size 139x32 scrollWidth 429
          RenderTextControl {TEXTAREA} at (3,17) size 141x49 [bgcolor=#FFFFFF] [border: (1px solid #000000)]
            RenderBlock {DIV} at (3,3) size 135x14
              RenderText {#text} at (0,0) size 427x14
                text run at (0,0) width 427: "Lorem ipsum  dolor ABCDEFGHIJKLMNOPQRSTUVWXYZ abcdefghijklmnopqrstuv"
        layer at (3,521) size 141x34 clip at (4,522) size 124x32 scrollHeight 60
          RenderTextControl {TEXTAREA} at (3,17) size 141x34 [bgcolor=#FFFFFF] [border: (1px solid #000000)]
            RenderBlock {DIV} at (3,3) size 120x56
              RenderText {#text} at (0,0) size 120x56
                text run at (0,0) width 94: "Lorem ipsum  dolor"
                text run at (94,0) width 3: " "
                text run at (0,14) width 120: "ABCDEFGHIJKLMNO"
                text run at (0,28) width 92: "PQRSTUVWXYZ"
                text run at (92,28) width 3: " "
                text run at (0,42) width 115: "abcdefghijklmnopqrstuv"
        layer at (150,521) size 141x34 clip at (151,522) size 124x32 scrollHeight 60
          RenderTextControl {TEXTAREA} at (3,17) size 141x34 [bgcolor=#FFFFFF] [border: (1px solid #000000)]
            RenderBlock {DIV} at (3,3) size 120x56
              RenderText {#text} at (0,0) size 120x56
                text run at (0,0) width 94: "Lorem ipsum  dolor"
                text run at (94,0) width 3: " "
                text run at (0,14) width 120: "ABCDEFGHIJKLMNO"
                text run at (0,28) width 92: "PQRSTUVWXYZ"
                text run at (92,28) width 3: " "
                text run at (0,42) width 115: "abcdefghijklmnopqrstuv"
        layer at (297,521) size 141x34 clip at (298,522) size 124x32 scrollHeight 60
          RenderTextControl {TEXTAREA} at (3,31) size 141x34 [bgcolor=#FFFFFF] [border: (1px solid #000000)]
            RenderBlock {DIV} at (3,3) size 120x56
              RenderText {#text} at (0,0) size 120x56
                text run at (0,0) width 66: "Lorem ipsum "
                text run at (66,0) width 25: "dolor"
                text run at (0,14) width 120: "ABCDEFGHIJKLMNO"
                text run at (0,28) width 92: "PQRSTUVWXYZ"
                text run at (0,42) width 115: "abcdefghijklmnopqrstuv"
        layer at (444,521) size 141x34 clip at (445,522) size 124x32 scrollHeight 60
          RenderTextControl {TEXTAREA} at (3,31) size 141x34 [bgcolor=#FFFFFF] [border: (1px solid #000000)]
            RenderBlock {DIV} at (3,3) size 120x56
              RenderText {#text} at (0,0) size 119x56
                text run at (0,0) width 114: "Lorem ipsum  dolor AB"
                text run at (0,14) width 119: "CDEFGHIJKLMNOPQ"
                text run at (0,28) width 116: "RSTUVWXYZ abcdefg"
                text run at (0,42) width 78: "hijklmnopqrstuv"
        layer at (591,521) size 141x34 clip at (592,522) size 124x32 scrollHeight 60
          RenderTextControl {TEXTAREA} at (3,31) size 141x34 [bgcolor=#FFFFFF] [border: (1px solid #000000)]
            RenderBlock {DIV} at (3,3) size 120x56
              RenderText {#text} at (0,0) size 120x56
                text run at (0,0) width 94: "Lorem ipsum  dolor"
                text run at (94,0) width 3: " "
                text run at (0,14) width 120: "ABCDEFGHIJKLMNO"
                text run at (0,28) width 92: "PQRSTUVWXYZ"
                text run at (92,28) width 3: " "
                text run at (0,42) width 115: "abcdefghijklmnopqrstuv"
        layer at (3,621) size 141x34 clip at (4,622) size 124x17 scrollWidth 426 scrollHeight 18
          RenderTextControl {TEXTAREA} at (3,31) size 141x34 [bgcolor=#FFFFFF] [border: (1px solid #000000)]
            RenderBlock {DIV} at (3,3) size 135x14
              RenderText {#text} at (0,0) size 424x14
                text run at (0,0) width 66: "Lorem ipsum "
                text run at (66,0) width 358: "dolor ABCDEFGHIJKLMNOPQRSTUVWXYZ abcdefghijklmnopqrstuv"
        layer at (150,621) size 141x34 clip at (151,622) size 124x32 scrollHeight 60
          RenderTextControl {TEXTAREA} at (3,31) size 141x34 [bgcolor=#FFFFFF] [border: (1px solid #000000)]
            RenderBlock {DIV} at (3,3) size 120x56
              RenderText {#text} at (0,0) size 120x56
                text run at (0,0) width 66: "Lorem ipsum "
                text run at (66,0) width 25: "dolor"
                text run at (0,14) width 120: "ABCDEFGHIJKLMNO"
                text run at (0,28) width 92: "PQRSTUVWXYZ"
                text run at (0,42) width 115: "abcdefghijklmnopqrstuv"
        layer at (297,606) size 141x49 clip at (298,607) size 124x32 scrollWidth 214 scrollHeight 46
          RenderTextControl {TEXTAREA} at (3,31) size 141x49 [bgcolor=#FFFFFF] [border: (1px solid #000000)]
            RenderBlock {DIV} at (3,3) size 135x42
              RenderText {#text} at (0,0) size 212x42
                text run at (0,0) width 94: "Lorem ipsum  dolor"
                text run at (94,0) width 3: " "
                text run at (0,14) width 212: "ABCDEFGHIJKLMNOPQRSTUVWXYZ"
                text run at (0,28) width 118: " abcdefghijklmnopqrstuv"
        layer at (444,606) size 141x49 clip at (445,607) size 124x32 scrollWidth 214 scrollHeight 46
          RenderTextControl {TEXTAREA} at (3,45) size 141x49 [bgcolor=#FFFFFF] [border: (1px solid #000000)]
            RenderBlock {DIV} at (3,3) size 135x42
              RenderText {#text} at (0,0) size 212x42
                text run at (0,0) width 94: "Lorem ipsum  dolor"
                text run at (94,0) width 3: " "
                text run at (0,14) width 212: "ABCDEFGHIJKLMNOPQRSTUVWXYZ"
                text run at (0,28) width 118: " abcdefghijklmnopqrstuv"
      RenderIFrame {IFRAME} at (0,661) size 785x637
        layer at (0,0) size 785x637
          RenderView at (0,0) size 785x637
        layer at (0,0) size 785x637
          RenderBlock {HTML} at (0,0) size 785x637
            RenderBody {BODY} at (0,5) size 785x632
              RenderBlock {DIV} at (0,0) size 785x18
                RenderText {#text} at (0,0) size 193x19
                  text run at (0,0) width 193: "CompatMode: BackCompat"
              RenderBlock (anonymous) at (0,23) size 785x609
                RenderBlock {DIV} at (0,44) size 147x40 [border: (1px solid #0000FF)]
                  RenderBlock {SPAN} at (1,1) size 80x0
                  RenderBR {BR} at (81,1) size 0x0
                RenderBlock {DIV} at (147,30) size 147x54 [border: (1px solid #0000FF)]
                  RenderBlock {SPAN} at (1,1) size 80x14
                    RenderText {#text} at (0,0) size 76x14
                      text run at (0,0) width 76: "disabled: \"true\","
                  RenderBR {BR} at (81,12) size 0x0
                RenderBlock {DIV} at (294,0) size 163x84 [border: (1px solid #0000FF)]
                  RenderBlock {SPAN} at (1,1) size 80x28
                    RenderText {#text} at (0,0) size 78x28
                      text run at (0,0) width 25: "style:"
                      text run at (0,14) width 78: "\"padding:10px\","
                  RenderBR {BR} at (81,26) size 0x0
                RenderBlock {DIV} at (457,20) size 143x64 [border: (1px solid #0000FF)]
                  RenderBlock {SPAN} at (1,1) size 80x28
                    RenderText {#text} at (0,0) size 72x28
                      text run at (0,0) width 25: "style:"
                      text run at (0,14) width 72: "\"padding:0px\","
                  RenderBR {BR} at (81,26) size 0x0
                RenderBlock {DIV} at (600,0) size 163x84 [border: (1px solid #0000FF)]
                  RenderBlock {SPAN} at (1,1) size 80x28
                    RenderText {#text} at (0,0) size 73x28
                      text run at (0,0) width 25: "style:"
                      text run at (0,14) width 73: "\"margin:10px\","
                  RenderBR {BR} at (81,26) size 0x0
                RenderBlock {DIV} at (0,138) size 143x64 [border: (1px solid #0000FF)]
                  RenderBlock {SPAN} at (1,1) size 80x28
                    RenderText {#text} at (0,0) size 67x28
                      text run at (0,0) width 25: "style:"
                      text run at (0,14) width 67: "\"margin:0px\","
                  RenderBR {BR} at (81,26) size 0x0
                RenderBlock {DIV} at (143,134) size 82x68 [border: (1px solid #0000FF)]
                  RenderBlock {SPAN} at (1,1) size 80x28
                    RenderText {#text} at (0,0) size 67x28
                      text run at (0,0) width 25: "style:"
                      text run at (0,14) width 67: "\"width:60px\","
                  RenderBR {BR} at (81,26) size 0x0
                RenderBlock {DIV} at (225,84) size 82x118 [border: (1px solid #0000FF)]
                  RenderBlock {SPAN} at (1,1) size 80x42
                    RenderText {#text} at (0,0) size 73x42
                      text run at (0,0) width 25: "style:"
                      text run at (0,14) width 62: "\"width:60px;"
                      text run at (0,28) width 73: "padding:20px\","
                  RenderBR {BR} at (81,40) size 0x0
                RenderBlock {DIV} at (307,124) size 82x78 [border: (1px solid #0000FF)]
                  RenderBlock {SPAN} at (1,1) size 80x42
                    RenderText {#text} at (0,0) size 62x42
                      text run at (0,0) width 25: "style:"
                      text run at (0,14) width 62: "\"width:60px;"
                      text run at (0,28) width 55: "padding:0\","
                  RenderBR {BR} at (81,40) size 0x0
                RenderBlock {DIV} at (389,112) size 147x90 [border: (1px solid #0000FF)]
                  RenderBlock {SPAN} at (1,1) size 80x28
                    RenderText {#text} at (0,0) size 69x28
                      text run at (0,0) width 25: "style:"
                      text run at (0,14) width 69: "\"height:60px\","
                  RenderBR {BR} at (81,26) size 0x0
                RenderBlock {DIV} at (536,98) size 82x104 [border: (1px solid #0000FF)]
                  RenderBlock {SPAN} at (1,1) size 80x42
                    RenderText {#text} at (0,0) size 64x42
                      text run at (0,0) width 25: "style:"
                      text run at (0,14) width 62: "\"width:60px;"
                      text run at (0,28) width 64: "height:60px\","
                  RenderBR {BR} at (81,40) size 0x0
                RenderBlock {DIV} at (618,134) size 147x68 [border: (1px solid #0000FF)]
                  RenderBlock {SPAN} at (1,1) size 80x28
                    RenderText {#text} at (0,0) size 91x28
                      text run at (0,0) width 25: "style:"
                      text run at (0,14) width 91: "\"overflow:hidden\","
                  RenderBR {BR} at (81,26) size 0x0
                RenderBlock {DIV} at (0,237) size 147x83 [border: (1px solid #0000FF)]
                  RenderBlock {SPAN} at (1,1) size 80x28
                    RenderText {#text} at (0,0) size 85x28
                      text run at (0,0) width 25: "style:"
                      text run at (0,14) width 85: "\"overflow:scroll\","
                  RenderBR {BR} at (81,26) size 0x0
                RenderBlock {DIV} at (147,202) size 82x118 [border: (1px solid #0000FF)]
                  RenderBlock {SPAN} at (1,1) size 80x56
                    RenderText {#text} at (0,0) size 86x56
                      text run at (0,0) width 25: "style:"
                      text run at (0,14) width 86: "\"overflow:hidden;"
                      text run at (0,28) width 57: "width:60px;"
                      text run at (0,42) width 64: "height:60px\","
                  RenderBR {BR} at (81,54) size 0x0
                RenderBlock {DIV} at (229,202) size 82x118 [border: (1px solid #0000FF)]
                  RenderBlock {SPAN} at (1,1) size 80x56
                    RenderText {#text} at (0,0) size 80x56
                      text run at (0,0) width 25: "style:"
                      text run at (0,14) width 80: "\"overflow:scroll;"
                      text run at (0,28) width 57: "width:60px;"
                      text run at (0,42) width 64: "height:60px\","
                  RenderBR {BR} at (81,54) size 0x0
                RenderBlock {DIV} at (311,216) size 82x104 [border: (1px solid #0000FF)]
                  RenderBlock {SPAN} at (1,1) size 80x42
                    RenderText {#text} at (0,0) size 72x42
                      text run at (0,0) width 72: "cols: \"5\", style:"
                      text run at (0,14) width 62: "\"width:60px;"
                      text run at (0,28) width 64: "height:60px\","
                  RenderBR {BR} at (81,40) size 0x0
                RenderBlock {DIV} at (393,216) size 82x104 [border: (1px solid #0000FF)]
                  RenderBlock {SPAN} at (1,1) size 80x42
                    RenderText {#text} at (0,0) size 77x42
                      text run at (0,0) width 77: "rows: \"4\", style:"
                      text run at (0,14) width 62: "\"width:60px;"
                      text run at (0,28) width 64: "height:60px\","
                  RenderBR {BR} at (81,40) size 0x0
                RenderBlock {DIV} at (475,202) size 82x118 [border: (1px solid #0000FF)]
                  RenderBlock {SPAN} at (1,1) size 80x56
                    RenderText {#text} at (0,0) size 74x56
                      text run at (0,0) width 74: "cols: \"5\", rows:"
                      text run at (0,14) width 47: "\"4\", style:"
                      text run at (0,28) width 62: "\"width:60px;"
                      text run at (0,42) width 64: "height:60px\","
                  RenderBR {BR} at (81,54) size 0x0
                RenderBlock {DIV} at (557,266) size 82x54 [border: (1px solid #0000FF)]
                  RenderBlock {SPAN} at (1,1) size 80x14
                    RenderText {#text} at (0,0) size 44x14
                      text run at (0,0) width 44: "cols: \"3\","
                  RenderBR {BR} at (81,12) size 0x0
                RenderBlock {DIV} at (0,376) size 147x68 [border: (1px solid #0000FF)]
                  RenderBlock {SPAN} at (1,1) size 80x14
                    RenderText {#text} at (0,0) size 49x14
                      text run at (0,0) width 49: "rows: \"3\","
                  RenderBR {BR} at (81,12) size 0x0
                RenderBlock {DIV} at (147,390) size 82x54 [border: (1px solid #0000FF)]
                  RenderBlock {SPAN} at (1,1) size 80x14
                    RenderText {#text} at (0,0) size 44x14
                      text run at (0,0) width 44: "cols: \"7\","
                  RenderBR {BR} at (81,12) size 0x0
                RenderBlock {DIV} at (229,320) size 147x124 [border: (1px solid #0000FF)]
                  RenderBlock {SPAN} at (1,1) size 80x14
                    RenderText {#text} at (0,0) size 49x14
                      text run at (0,0) width 49: "rows: \"7\","
                  RenderBR {BR} at (81,12) size 0x0
                RenderBlock {DIV} at (376,348) size 82x96 [border: (1px solid #0000FF)]
                  RenderBlock {SPAN} at (1,1) size 80x28
                    RenderText {#text} at (0,0) size 74x28
                      text run at (0,0) width 74: "cols: \"5\", rows:"
                      text run at (0,14) width 19: "\"4\","
                  RenderBR {BR} at (81,26) size 0x0
                RenderBlock {DIV} at (458,375) size 147x69 [border: (1px solid #0000FF)]
                  RenderBlock {SPAN} at (1,1) size 80x14
                    RenderText {#text} at (0,0) size 57x14
                      text run at (0,0) width 57: "wrap: \"off\","
                  RenderBR {BR} at (81,12) size 0x0
                RenderBlock {DIV} at (605,390) size 147x54 [border: (1px solid #0000FF)]
                  RenderBlock {SPAN} at (1,1) size 80x14
                    RenderText {#text} at (0,0) size 64x14
                      text run at (0,0) width 64: "wrap: \"hard\","
                  RenderBR {BR} at (81,12) size 0x0
                RenderBlock {DIV} at (0,458) size 147x54 [border: (1px solid #0000FF)]
                  RenderBlock {SPAN} at (1,1) size 80x14
                    RenderText {#text} at (0,0) size 61x14
                      text run at (0,0) width 61: "wrap: \"soft\","
                  RenderBR {BR} at (81,12) size 0x0
                RenderBlock {DIV} at (147,444) size 147x68 [border: (1px solid #0000FF)]
                  RenderBlock {SPAN} at (1,1) size 80x28
                    RenderText {#text} at (0,0) size 70x28
                      text run at (0,0) width 63: "style: \"white-"
                      text run at (0,14) width 70: "space:normal\","
                  RenderBR {BR} at (81,26) size 0x0
                RenderBlock {DIV} at (294,444) size 147x68 [border: (1px solid #0000FF)]
                  RenderBlock {SPAN} at (1,1) size 80x28
                    RenderText {#text} at (0,0) size 63x28
                      text run at (0,0) width 63: "style: \"white-"
                      text run at (0,14) width 52: "space:pre\","
                  RenderBR {BR} at (81,26) size 0x0
                RenderBlock {DIV} at (441,444) size 147x68 [border: (1px solid #0000FF)]
                  RenderBlock {SPAN} at (1,1) size 80x28
                    RenderText {#text} at (0,0) size 76x28
                      text run at (0,0) width 63: "style: \"white-"
                      text run at (0,14) width 76: "space:prewrap\","
                  RenderBR {BR} at (81,26) size 0x0
                RenderBlock {DIV} at (588,444) size 147x68 [border: (1px solid #0000FF)]
                  RenderBlock {SPAN} at (1,1) size 80x28
                    RenderText {#text} at (0,0) size 73x28
                      text run at (0,0) width 63: "style: \"white-"
                      text run at (0,14) width 73: "space:nowrap\","
                  RenderBR {BR} at (81,26) size 0x0
                RenderBlock {DIV} at (0,541) size 147x68 [border: (1px solid #0000FF)]
                  RenderBlock {SPAN} at (1,1) size 80x28
                    RenderText {#text} at (0,0) size 73x28
                      text run at (0,0) width 63: "style: \"white-"
                      text run at (0,14) width 73: "space:pre-line\","
                  RenderBR {BR} at (81,26) size 0x0
                RenderBlock {DIV} at (147,526) size 147x83 [border: (1px solid #0000FF)]
                  RenderBlock {SPAN} at (1,1) size 80x28
                    RenderText {#text} at (0,0) size 68x28
                      text run at (0,0) width 62: "style: \"word-"
                      text run at (0,14) width 68: "wrap:normal\","
                  RenderBR {BR} at (81,26) size 0x0
                RenderBlock {DIV} at (294,512) size 147x97 [border: (1px solid #0000FF)]
                  RenderBlock {SPAN} at (1,1) size 80x42
                    RenderText {#text} at (0,0) size 80x42
                      text run at (0,0) width 57: "wrap: \"off\","
                      text run at (0,14) width 63: "style: \"white-"
                      text run at (0,28) width 80: "space:pre-wrap\","
                  RenderBR {BR} at (81,40) size 0x0
        layer at (3,75) size 141x34 clip at (4,76) size 139x32
          RenderTextControl {TEXTAREA} at (3,3) size 141x34 [bgcolor=#FFFFFF] [border: (1px solid #000000)]
            RenderBlock {DIV} at (3,3) size 135x14
              RenderText {#text} at (0,0) size 91x14
                text run at (0,0) width 91: "Lorem ipsum dolor"
        layer at (150,75) size 141x34 clip at (151,76) size 124x32 scrollHeight 60
          RenderTextControl {TEXTAREA} at (3,17) size 141x34 [bgcolor=#FFFFFF] [border: (1px solid #000000)]
            RenderBlock {DIV} at (3,3) size 120x56 [color=#545454]
              RenderText {#text} at (0,0) size 120x56
                text run at (0,0) width 94: "Lorem ipsum  dolor"
                text run at (94,0) width 3: " "
                text run at (0,14) width 120: "ABCDEFGHIJKLMNO"
                text run at (0,28) width 92: "PQRSTUVWXYZ"
                text run at (92,28) width 3: " "
                text run at (0,42) width 115: "abcdefghijklmnopqrstuv"
        layer at (297,59) size 157x50 clip at (298,60) size 140x48 scrollHeight 76
          RenderTextControl {TEXTAREA} at (3,31) size 157x50 [bgcolor=#FFFFFF] [border: (1px solid #000000)]
            RenderBlock {DIV} at (11,11) size 120x56
              RenderText {#text} at (0,0) size 120x56
                text run at (0,0) width 94: "Lorem ipsum  dolor"
                text run at (94,0) width 3: " "
                text run at (0,14) width 120: "ABCDEFGHIJKLMNO"
                text run at (0,28) width 92: "PQRSTUVWXYZ"
                text run at (92,28) width 3: " "
                text run at (0,42) width 115: "abcdefghijklmnopqrstuv"
        layer at (460,79) size 137x30 clip at (461,80) size 120x28 scrollHeight 56
          RenderTextControl {TEXTAREA} at (3,31) size 137x30 [bgcolor=#FFFFFF] [border: (1px solid #000000)]
            RenderBlock {DIV} at (1,1) size 120x56
              RenderText {#text} at (0,0) size 120x56
                text run at (0,0) width 94: "Lorem ipsum  dolor"
                text run at (94,0) width 3: " "
                text run at (0,14) width 120: "ABCDEFGHIJKLMNO"
                text run at (0,28) width 92: "PQRSTUVWXYZ"
                text run at (92,28) width 3: " "
                text run at (0,42) width 115: "abcdefghijklmnopqrstuv"
        layer at (611,67) size 141x34 clip at (612,68) size 124x32 scrollHeight 60
          RenderTextControl {TEXTAREA} at (11,39) size 141x34 [bgcolor=#FFFFFF] [border: (1px solid #000000)]
            RenderBlock {DIV} at (3,3) size 120x56
              RenderText {#text} at (0,0) size 120x56
                text run at (0,0) width 94: "Lorem ipsum  dolor"
                text run at (94,0) width 3: " "
                text run at (0,14) width 120: "ABCDEFGHIJKLMNO"
                text run at (0,28) width 92: "PQRSTUVWXYZ"
                text run at (92,28) width 3: " "
                text run at (0,42) width 115: "abcdefghijklmnopqrstuv"
        layer at (1,195) size 141x34 clip at (2,196) size 124x32 scrollHeight 60
          RenderTextControl {TEXTAREA} at (1,29) size 141x34 [bgcolor=#FFFFFF] [border: (1px solid #000000)]
            RenderBlock {DIV} at (3,3) size 120x56
              RenderText {#text} at (0,0) size 120x56
                text run at (0,0) width 94: "Lorem ipsum  dolor"
                text run at (94,0) width 3: " "
                text run at (0,14) width 120: "ABCDEFGHIJKLMNO"
                text run at (0,28) width 92: "PQRSTUVWXYZ"
                text run at (92,28) width 3: " "
                text run at (0,42) width 115: "abcdefghijklmnopqrstuv"
        layer at (144,193) size 60x34 clip at (145,194) size 43x32 scrollHeight 200
          RenderTextControl {TEXTAREA} at (1,31) size 60x34 [bgcolor=#FFFFFF] [border: (1px solid #000000)]
            RenderBlock {DIV} at (3,3) size 39x196
              RenderText {#text} at (0,0) size 38x196
                text run at (0,0) width 31: "Lorem"
                text run at (31,0) width 3: " "
                text run at (0,14) width 29: "ipsum"
                text run at (29,14) width 6: "  "
                text run at (0,28) width 25: "dolor"
                text run at (25,28) width 3: " "
                text run at (0,42) width 34: "ABCD"
                text run at (0,56) width 36: "EFGHI"
                text run at (0,70) width 32: "JKLM"
                text run at (0,84) width 34: "NOPQ"
                text run at (0,98) width 31: "RSTU"
                text run at (0,112) width 38: "VWXY"
                text run at (0,126) width 7: "Z"
                text run at (7,126) width 3: " "
                text run at (0,140) width 37: "abcdefg"
                text run at (0,154) width 36: "hijklmn"
                text run at (0,168) width 36: "opqrstu"
                text run at (0,182) width 6: "v"
        layer at (226,157) size 60x70 clip at (227,158) size 43x68 scrollHeight 978
          RenderTextControl {TEXTAREA} at (1,45) size 60x70 [bgcolor=#FFFFFF] [border: (1px solid #000000)]
            RenderBlock {DIV} at (21,21) size 3x938
              RenderText {#text} at (0,0) size 11x938
                text run at (0,0) width 7: "L"
                text run at (0,14) width 6: "o"
                text run at (0,28) width 4: "r"
                text run at (0,42) width 5: "e"
                text run at (0,56) width 9: "m"
                text run at (0,70) width 3: " "
                text run at (0,84) width 3: "i"
                text run at (0,98) width 6: "p"
                text run at (0,112) width 5: "s"
                text run at (0,126) width 6: "u"
                text run at (0,140) width 9: "m"
                text run at (0,154) width 3: "  "
                text run at (0,168) width 6: "d"
                text run at (0,182) width 6: "o"
                text run at (0,196) width 3: "l"
                text run at (0,210) width 6: "o"
                text run at (0,224) width 4: "r"
                text run at (0,238) width 3: " "
                text run at (0,252) width 9: "A"
                text run at (0,266) width 8: "B"
                text run at (0,280) width 8: "C"
                text run at (0,294) width 9: "D"
                text run at (0,308) width 7: "E"
                text run at (0,322) width 7: "F"
                text run at (0,336) width 9: "G"
                text run at (0,350) width 9: "H"
                text run at (0,364) width 4: "I"
                text run at (0,378) width 5: "J"
                text run at (0,392) width 9: "K"
                text run at (0,406) width 7: "L"
                text run at (0,420) width 11: "M"
                text run at (0,434) width 9: "N"
                text run at (0,448) width 9: "O"
                text run at (0,462) width 7: "P"
                text run at (0,476) width 9: "Q"
                text run at (0,490) width 8: "R"
                text run at (0,504) width 7: "S"
                text run at (0,518) width 7: "T"
                text run at (0,532) width 9: "U"
                text run at (0,546) width 9: "V"
                text run at (0,560) width 11: "W"
                text run at (0,574) width 9: "X"
                text run at (0,588) width 9: "Y"
                text run at (0,602) width 7: "Z"
                text run at (0,616) width 3: " "
                text run at (0,630) width 5: "a"
                text run at (0,644) width 6: "b"
                text run at (0,658) width 5: "c"
                text run at (0,672) width 6: "d"
                text run at (0,686) width 5: "e"
                text run at (0,700) width 4: "f"
                text run at (0,714) width 6: "g"
                text run at (0,728) width 6: "h"
                text run at (0,742) width 3: "i"
                text run at (0,756) width 3: "j"
                text run at (0,770) width 6: "k"
                text run at (0,784) width 3: "l"
                text run at (0,798) width 9: "m"
                text run at (0,812) width 6: "n"
                text run at (0,826) width 6: "o"
                text run at (0,840) width 6: "p"
                text run at (0,854) width 6: "q"
                text run at (0,868) width 4: "r"
                text run at (0,882) width 5: "s"
                text run at (0,896) width 3: "t"
                text run at (0,910) width 6: "u"
                text run at (0,924) width 6: "v"
        layer at (308,197) size 60x30 clip at (309,198) size 43x28 scrollHeight 168
          RenderTextControl {TEXTAREA} at (1,45) size 60x30 [bgcolor=#FFFFFF] [border: (1px solid #000000)]
            RenderBlock {DIV} at (1,1) size 43x168
              RenderText {#text} at (0,0) size 43x168
                text run at (0,0) width 31: "Lorem"
                text run at (31,0) width 3: " "
                text run at (0,14) width 29: "ipsum"
                text run at (29,14) width 6: "  "
                text run at (0,28) width 25: "dolor"
                text run at (25,28) width 3: " "
                text run at (0,42) width 41: "ABCDE"
                text run at (0,56) width 43: "FGHIJK"
                text run at (0,70) width 43: "LMNOP"
                text run at (0,84) width 40: "QRSTU"
                text run at (0,98) width 38: "VWXY"
                text run at (0,112) width 7: "Z"
                text run at (7,112) width 3: " "
                text run at (0,126) width 43: "abcdefgh"
                text run at (0,140) width 42: "ijklmnop"
                text run at (0,154) width 30: "qrstuv"
        layer at (392,169) size 141x60 clip at (393,170) size 124x58 scrollHeight 60
          RenderTextControl {TEXTAREA} at (3,29) size 141x60 [bgcolor=#FFFFFF] [border: (1px solid #000000)]
            RenderBlock {DIV} at (3,3) size 120x56
              RenderText {#text} at (0,0) size 120x56
                text run at (0,0) width 94: "Lorem ipsum  dolor"
                text run at (94,0) width 3: " "
                text run at (0,14) width 120: "ABCDEFGHIJKLMNO"
                text run at (0,28) width 92: "PQRSTUVWXYZ"
                text run at (92,28) width 3: " "
                text run at (0,42) width 115: "abcdefghijklmnopqrstuv"
        layer at (537,169) size 60x60 clip at (538,170) size 43x58 scrollHeight 200
          RenderTextControl {TEXTAREA} at (1,43) size 60x60 [bgcolor=#FFFFFF] [border: (1px solid #000000)]
            RenderBlock {DIV} at (3,3) size 39x196
              RenderText {#text} at (0,0) size 38x196
                text run at (0,0) width 31: "Lorem"
                text run at (31,0) width 3: " "
                text run at (0,14) width 29: "ipsum"
                text run at (29,14) width 6: "  "
                text run at (0,28) width 25: "dolor"
                text run at (25,28) width 3: " "
                text run at (0,42) width 34: "ABCD"
                text run at (0,56) width 36: "EFGHI"
                text run at (0,70) width 32: "JKLM"
                text run at (0,84) width 34: "NOPQ"
                text run at (0,98) width 31: "RSTU"
                text run at (0,112) width 38: "VWXY"
                text run at (0,126) width 7: "Z"
                text run at (7,126) width 3: " "
                text run at (0,140) width 37: "abcdefg"
                text run at (0,154) width 36: "hijklmn"
                text run at (0,168) width 36: "opqrstu"
                text run at (0,182) width 6: "v"
        layer at (621,193) size 141x34 clip at (622,194) size 139x32 scrollHeight 60
          RenderTextControl {TEXTAREA} at (3,31) size 141x34 [bgcolor=#FFFFFF] [border: (1px solid #000000)]
            RenderBlock {DIV} at (3,3) size 135x56
              RenderText {#text} at (0,0) size 127x56
                text run at (0,0) width 94: "Lorem ipsum  dolor"
                text run at (94,0) width 3: " "
                text run at (0,14) width 127: "ABCDEFGHIJKLMNOP"
                text run at (0,28) width 85: "QRSTUVWXYZ"
                text run at (85,28) width 3: " "
                text run at (0,42) width 115: "abcdefghijklmnopqrstuv"
        layer at (3,296) size 141x49 clip at (4,297) size 124x32 scrollHeight 60
          RenderTextControl {TEXTAREA} at (3,31) size 141x49 [bgcolor=#FFFFFF] [border: (1px solid #000000)]
            RenderBlock {DIV} at (3,3) size 120x56
              RenderText {#text} at (0,0) size 120x56
                text run at (0,0) width 94: "Lorem ipsum  dolor"
                text run at (94,0) width 3: " "
                text run at (0,14) width 120: "ABCDEFGHIJKLMNO"
                text run at (0,28) width 92: "PQRSTUVWXYZ"
                text run at (92,28) width 3: " "
                text run at (0,42) width 115: "abcdefghijklmnopqrstuv"
        layer at (148,287) size 60x60 clip at (149,288) size 58x58 scrollHeight 158
          RenderTextControl {TEXTAREA} at (1,57) size 60x60 [bgcolor=#FFFFFF] [border: (1px solid #000000)]
            RenderBlock {DIV} at (3,3) size 54x154
              RenderText {#text} at (0,0) size 54x154
                text run at (0,0) width 31: "Lorem"
                text run at (31,0) width 3: " "
                text run at (0,14) width 29: "ipsum"
                text run at (29,14) width 6: "  "
                text run at (0,28) width 25: "dolor"
                text run at (25,28) width 3: " "
                text run at (0,42) width 48: "ABCDEF"
                text run at (0,56) width 54: "GHIJKLM"
                text run at (0,70) width 49: "NOPQRS"
                text run at (0,84) width 54: "TUVWXY"
                text run at (0,98) width 7: "Z"
                text run at (7,98) width 3: " "
                text run at (0,112) width 49: "abcdefghij"
                text run at (0,126) width 54: "klmnopqrst"
                text run at (0,140) width 12: "uv"
        layer at (230,287) size 60x60 clip at (231,288) size 43x43 scrollHeight 200
          RenderTextControl {TEXTAREA} at (1,57) size 60x60 [bgcolor=#FFFFFF] [border: (1px solid #000000)]
            RenderBlock {DIV} at (3,3) size 39x196
              RenderText {#text} at (0,0) size 38x196
                text run at (0,0) width 31: "Lorem"
                text run at (31,0) width 3: " "
                text run at (0,14) width 29: "ipsum"
                text run at (29,14) width 6: "  "
                text run at (0,28) width 25: "dolor"
                text run at (25,28) width 3: " "
                text run at (0,42) width 34: "ABCD"
                text run at (0,56) width 36: "EFGHI"
                text run at (0,70) width 32: "JKLM"
                text run at (0,84) width 34: "NOPQ"
                text run at (0,98) width 31: "RSTU"
                text run at (0,112) width 38: "VWXY"
                text run at (0,126) width 7: "Z"
                text run at (7,126) width 3: " "
                text run at (0,140) width 37: "abcdefg"
                text run at (0,154) width 36: "hijklmn"
                text run at (0,168) width 36: "opqrstu"
                text run at (0,182) width 6: "v"
        layer at (312,287) size 60x60 clip at (313,288) size 43x58 scrollHeight 200
          RenderTextControl {TEXTAREA} at (1,43) size 60x60 [bgcolor=#FFFFFF] [border: (1px solid #000000)]
            RenderBlock {DIV} at (3,3) size 39x196
              RenderText {#text} at (0,0) size 38x196
                text run at (0,0) width 31: "Lorem"
                text run at (31,0) width 3: " "
                text run at (0,14) width 29: "ipsum"
                text run at (29,14) width 6: "  "
                text run at (0,28) width 25: "dolor"
                text run at (25,28) width 3: " "
                text run at (0,42) width 34: "ABCD"
                text run at (0,56) width 36: "EFGHI"
                text run at (0,70) width 32: "JKLM"
                text run at (0,84) width 34: "NOPQ"
                text run at (0,98) width 31: "RSTU"
                text run at (0,112) width 38: "VWXY"
                text run at (0,126) width 7: "Z"
                text run at (7,126) width 3: " "
                text run at (0,140) width 37: "abcdefg"
                text run at (0,154) width 36: "hijklmn"
                text run at (0,168) width 36: "opqrstu"
                text run at (0,182) width 6: "v"
        layer at (394,287) size 60x60 clip at (395,288) size 43x58 scrollHeight 200
          RenderTextControl {TEXTAREA} at (1,43) size 60x60 [bgcolor=#FFFFFF] [border: (1px solid #000000)]
            RenderBlock {DIV} at (3,3) size 39x196
              RenderText {#text} at (0,0) size 38x196
                text run at (0,0) width 31: "Lorem"
                text run at (31,0) width 3: " "
                text run at (0,14) width 29: "ipsum"
                text run at (29,14) width 6: "  "
                text run at (0,28) width 25: "dolor"
                text run at (25,28) width 3: " "
                text run at (0,42) width 34: "ABCD"
                text run at (0,56) width 36: "EFGHI"
                text run at (0,70) width 32: "JKLM"
                text run at (0,84) width 34: "NOPQ"
                text run at (0,98) width 31: "RSTU"
                text run at (0,112) width 38: "VWXY"
                text run at (0,126) width 7: "Z"
                text run at (7,126) width 3: " "
                text run at (0,140) width 37: "abcdefg"
                text run at (0,154) width 36: "hijklmn"
                text run at (0,168) width 36: "opqrstu"
                text run at (0,182) width 6: "v"
        layer at (476,287) size 60x60 clip at (477,288) size 43x58 scrollHeight 200
          RenderTextControl {TEXTAREA} at (1,57) size 60x60 [bgcolor=#FFFFFF] [border: (1px solid #000000)]
            RenderBlock {DIV} at (3,3) size 39x196
              RenderText {#text} at (0,0) size 38x196
                text run at (0,0) width 31: "Lorem"
                text run at (31,0) width 3: " "
                text run at (0,14) width 29: "ipsum"
                text run at (29,14) width 6: "  "
                text run at (0,28) width 25: "dolor"
                text run at (25,28) width 3: " "
                text run at (0,42) width 34: "ABCD"
                text run at (0,56) width 36: "EFGHI"
                text run at (0,70) width 32: "JKLM"
                text run at (0,84) width 34: "NOPQ"
                text run at (0,98) width 31: "RSTU"
                text run at (0,112) width 38: "VWXY"
                text run at (0,126) width 7: "Z"
                text run at (7,126) width 3: " "
                text run at (0,140) width 37: "abcdefg"
                text run at (0,154) width 36: "hijklmn"
                text run at (0,168) width 36: "opqrstu"
                text run at (0,182) width 6: "v"
        layer at (560,311) size 39x34 clip at (561,312) size 22x32 scrollHeight 382
          RenderTextControl {TEXTAREA} at (3,17) size 39x34 [bgcolor=#FFFFFF] [border: (1px solid #000000)]
            RenderBlock {DIV} at (3,3) size 18x378
              RenderText {#text} at (0,0) size 18x378
                text run at (0,0) width 17: "Lor"
                text run at (0,14) width 14: "em"
                text run at (14,14) width 3: " "
                text run at (0,28) width 14: "ips"
                text run at (0,42) width 15: "um"
                text run at (15,42) width 3: "  "
                text run at (0,56) width 15: "dol"
                text run at (0,70) width 10: "or"
                text run at (10,70) width 3: " "
                text run at (0,84) width 17: "AB"
                text run at (0,98) width 17: "CD"
                text run at (0,112) width 14: "EF"
                text run at (0,126) width 18: "GH"
                text run at (0,140) width 18: "IJK"
                text run at (0,154) width 18: "LM"
                text run at (0,168) width 18: "NO"
                text run at (0,182) width 16: "PQ"
                text run at (0,196) width 15: "RS"
                text run at (0,210) width 16: "TU"
                text run at (0,224) width 9: "V"
                text run at (0,238) width 11: "W"
                text run at (0,252) width 18: "XY"
                text run at (0,266) width 7: "Z"
                text run at (7,266) width 3: " "
                text run at (0,280) width 16: "abc"
                text run at (0,294) width 15: "def"
                text run at (0,308) width 18: "ghij"
                text run at (0,322) width 18: "klm"
                text run at (0,336) width 18: "nop"
                text run at (0,350) width 18: "qrst"
                text run at (0,364) width 12: "uv"
        layer at (3,421) size 141x48 clip at (4,422) size 124x46 scrollHeight 60
          RenderTextControl {TEXTAREA} at (3,17) size 141x48 [bgcolor=#FFFFFF] [border: (1px solid #000000)]
            RenderBlock {DIV} at (3,3) size 120x56
              RenderText {#text} at (0,0) size 120x56
                text run at (0,0) width 94: "Lorem ipsum  dolor"
                text run at (94,0) width 3: " "
                text run at (0,14) width 120: "ABCDEFGHIJKLMNO"
                text run at (0,28) width 92: "PQRSTUVWXYZ"
                text run at (92,28) width 3: " "
                text run at (0,42) width 115: "abcdefghijklmnopqrstuv"
        layer at (150,435) size 63x34 clip at (151,436) size 46x32 scrollHeight 172
          RenderTextControl {TEXTAREA} at (3,17) size 63x34 [bgcolor=#FFFFFF] [border: (1px solid #000000)]
            RenderBlock {DIV} at (3,3) size 42x168
              RenderText {#text} at (0,0) size 42x168
                text run at (0,0) width 31: "Lorem"
                text run at (31,0) width 3: " "
                text run at (0,14) width 29: "ipsum"
                text run at (29,14) width 6: "  "
                text run at (0,28) width 25: "dolor"
                text run at (25,28) width 3: " "
                text run at (0,42) width 41: "ABCDE"
                text run at (0,56) width 34: "FGHIJ"
                text run at (0,70) width 36: "KLMN"
                text run at (0,84) width 40: "OPQRS"
                text run at (0,98) width 36: "TUVW"
                text run at (0,112) width 25: "XYZ"
                text run at (25,112) width 3: " "
                text run at (0,126) width 37: "abcdefg"
                text run at (0,140) width 42: "hijklmno"
                text run at (0,154) width 36: "pqrstuv"
        layer at (232,365) size 141x104 clip at (233,366) size 139x102
          RenderTextControl {TEXTAREA} at (3,17) size 141x104 [bgcolor=#FFFFFF] [border: (1px solid #000000)]
            RenderBlock {DIV} at (3,3) size 135x56
              RenderText {#text} at (0,0) size 127x56
                text run at (0,0) width 94: "Lorem ipsum  dolor"
                text run at (94,0) width 3: " "
                text run at (0,14) width 127: "ABCDEFGHIJKLMNOP"
                text run at (0,28) width 85: "QRSTUVWXYZ"
                text run at (85,28) width 3: " "
                text run at (0,42) width 115: "abcdefghijklmnopqrstuv"
        layer at (379,407) size 51x62 clip at (380,408) size 34x60 scrollHeight 242
          RenderTextControl {TEXTAREA} at (3,31) size 51x62 [bgcolor=#FFFFFF] [border: (1px solid #000000)]
            RenderBlock {DIV} at (3,3) size 30x238
              RenderText {#text} at (0,0) size 30x238
                text run at (0,0) width 22: "Lore"
                text run at (0,14) width 9: "m"
                text run at (9,14) width 3: " "
                text run at (0,28) width 29: "ipsum"
                text run at (29,28) width 1: "  "
                text run at (0,42) width 25: "dolor"
                text run at (25,42) width 3: " "
                text run at (0,56) width 25: "ABC"
                text run at (0,70) width 23: "DEF"
                text run at (0,84) width 27: "GHIJ"
                text run at (0,98) width 27: "KLM"
                text run at (0,112) width 25: "NOP"
                text run at (0,126) width 24: "QRS"
                text run at (0,140) width 25: "TUV"
                text run at (0,154) width 29: "WXY"
                text run at (0,168) width 7: "Z"
                text run at (7,168) width 3: " "
                text run at (0,182) width 27: "abcde"
                text run at (0,196) width 28: "fghijk"
                text run at (0,210) width 30: "lmnop"
                text run at (0,224) width 30: "qrstuv"
        layer at (461,420) size 141x49 clip at (462,421) size 139x32 scrollWidth 429
          RenderTextControl {TEXTAREA} at (3,17) size 141x49 [bgcolor=#FFFFFF] [border: (1px solid #000000)]
            RenderBlock {DIV} at (3,3) size 135x14
              RenderText {#text} at (0,0) size 427x14
                text run at (0,0) width 427: "Lorem ipsum  dolor ABCDEFGHIJKLMNOPQRSTUVWXYZ abcdefghijklmnopqrstuv"
        layer at (608,435) size 141x34 clip at (609,436) size 124x32 scrollHeight 60
          RenderTextControl {TEXTAREA} at (3,17) size 141x34 [bgcolor=#FFFFFF] [border: (1px solid #000000)]
            RenderBlock {DIV} at (3,3) size 120x56
              RenderText {#text} at (0,0) size 120x56
                text run at (0,0) width 94: "Lorem ipsum  dolor"
                text run at (94,0) width 3: " "
                text run at (0,14) width 120: "ABCDEFGHIJKLMNO"
                text run at (0,28) width 92: "PQRSTUVWXYZ"
                text run at (92,28) width 3: " "
                text run at (0,42) width 115: "abcdefghijklmnopqrstuv"
        layer at (3,503) size 141x34 clip at (4,504) size 124x32 scrollHeight 60
          RenderTextControl {TEXTAREA} at (3,17) size 141x34 [bgcolor=#FFFFFF] [border: (1px solid #000000)]
            RenderBlock {DIV} at (3,3) size 120x56
              RenderText {#text} at (0,0) size 120x56
                text run at (0,0) width 94: "Lorem ipsum  dolor"
                text run at (94,0) width 3: " "
                text run at (0,14) width 120: "ABCDEFGHIJKLMNO"
                text run at (0,28) width 92: "PQRSTUVWXYZ"
                text run at (92,28) width 3: " "
                text run at (0,42) width 115: "abcdefghijklmnopqrstuv"
        layer at (150,503) size 141x34 clip at (151,504) size 124x32 scrollHeight 60
          RenderTextControl {TEXTAREA} at (3,31) size 141x34 [bgcolor=#FFFFFF] [border: (1px solid #000000)]
            RenderBlock {DIV} at (3,3) size 120x56
              RenderText {#text} at (0,0) size 120x56
                text run at (0,0) width 66: "Lorem ipsum "
                text run at (66,0) width 25: "dolor"
                text run at (0,14) width 120: "ABCDEFGHIJKLMNO"
                text run at (0,28) width 92: "PQRSTUVWXYZ"
                text run at (0,42) width 115: "abcdefghijklmnopqrstuv"
        layer at (297,503) size 141x34 clip at (298,504) size 124x32 scrollHeight 60
          RenderTextControl {TEXTAREA} at (3,31) size 141x34 [bgcolor=#FFFFFF] [border: (1px solid #000000)]
            RenderBlock {DIV} at (3,3) size 120x56
              RenderText {#text} at (0,0) size 119x56
                text run at (0,0) width 114: "Lorem ipsum  dolor AB"
                text run at (0,14) width 119: "CDEFGHIJKLMNOPQ"
                text run at (0,28) width 116: "RSTUVWXYZ abcdefg"
                text run at (0,42) width 78: "hijklmnopqrstuv"
        layer at (444,503) size 141x34 clip at (445,504) size 124x32 scrollHeight 60
          RenderTextControl {TEXTAREA} at (3,31) size 141x34 [bgcolor=#FFFFFF] [border: (1px solid #000000)]
            RenderBlock {DIV} at (3,3) size 120x56
              RenderText {#text} at (0,0) size 120x56
                text run at (0,0) width 94: "Lorem ipsum  dolor"
                text run at (94,0) width 3: " "
                text run at (0,14) width 120: "ABCDEFGHIJKLMNO"
                text run at (0,28) width 92: "PQRSTUVWXYZ"
                text run at (92,28) width 3: " "
                text run at (0,42) width 115: "abcdefghijklmnopqrstuv"
        layer at (591,503) size 141x34 clip at (592,504) size 124x17 scrollWidth 426 scrollHeight 18
          RenderTextControl {TEXTAREA} at (3,31) size 141x34 [bgcolor=#FFFFFF] [border: (1px solid #000000)]
            RenderBlock {DIV} at (3,3) size 135x14
              RenderText {#text} at (0,0) size 424x14
                text run at (0,0) width 66: "Lorem ipsum "
                text run at (66,0) width 358: "dolor ABCDEFGHIJKLMNOPQRSTUVWXYZ abcdefghijklmnopqrstuv"
        layer at (3,600) size 141x34 clip at (4,601) size 124x32 scrollHeight 60
          RenderTextControl {TEXTAREA} at (3,31) size 141x34 [bgcolor=#FFFFFF] [border: (1px solid #000000)]
            RenderBlock {DIV} at (3,3) size 120x56
              RenderText {#text} at (0,0) size 120x56
                text run at (0,0) width 66: "Lorem ipsum "
                text run at (66,0) width 25: "dolor"
                text run at (0,14) width 120: "ABCDEFGHIJKLMNO"
                text run at (0,28) width 92: "PQRSTUVWXYZ"
                text run at (0,42) width 115: "abcdefghijklmnopqrstuv"
        layer at (150,585) size 141x49 clip at (151,586) size 124x32 scrollWidth 214 scrollHeight 46
          RenderTextControl {TEXTAREA} at (3,31) size 141x49 [bgcolor=#FFFFFF] [border: (1px solid #000000)]
            RenderBlock {DIV} at (3,3) size 135x42
              RenderText {#text} at (0,0) size 212x42
                text run at (0,0) width 94: "Lorem ipsum  dolor"
                text run at (94,0) width 3: " "
                text run at (0,14) width 212: "ABCDEFGHIJKLMNOPQRSTUVWXYZ"
                text run at (0,28) width 118: " abcdefghijklmnopqrstuv"
        layer at (297,585) size 141x49 clip at (298,586) size 124x32 scrollWidth 214 scrollHeight 46
          RenderTextControl {TEXTAREA} at (3,45) size 141x49 [bgcolor=#FFFFFF] [border: (1px solid #000000)]
            RenderBlock {DIV} at (3,3) size 135x42
              RenderText {#text} at (0,0) size 212x42
                text run at (0,0) width 94: "Lorem ipsum  dolor"
                text run at (94,0) width 3: " "
                text run at (0,14) width 212: "ABCDEFGHIJKLMNOPQRSTUVWXYZ"
                text run at (0,28) width 118: " abcdefghijklmnopqrstuv"
      RenderText {#text} at (0,0) size 0x0
