layer at (0,0) size 785x1098
  RenderView at (0,0) size 785x600
layer at (0,0) size 785x1098
  RenderBlock {HTML} at (0,0) size 785x1098
    RenderBody {BODY} at (8,8) size 769x584
      RenderBlock (floating) {DIV} at (0,0) size 352x922 [border: (1px solid #FF0000)]
        RenderBlock (anonymous) at (1,1) size 350x14
          RenderText {#text} at (0,-1) size 181x17
            text run at (0,-1) width 181: "Plain textarea with little content"
        RenderBlock {DIV} at (1,15) size 352x46 [border: (1px solid #FF0000)]
          RenderText {#text} at (1,30) size 14x17
            text run at (1,30) width 14: "A "
          RenderText {#text} at (180,30) size 13x17
            text run at (180,30) width 13: " B"
        RenderBlock (anonymous) at (1,61) size 350x14
          RenderText {#text} at (0,-1) size 77x17
            text run at (0,-1) width 77: "Plain textarea"
        RenderBlock {DIV} at (1,75) size 352x46 [border: (1px solid #FF0000)]
          RenderText {#text} at (1,30) size 14x17
            text run at (1,30) width 14: "A "
          RenderText {#text} at (180,30) size 13x17
            text run at (180,30) width 13: " B"
        RenderBlock (anonymous) at (1,121) size 350x14
          RenderText {#text} at (0,-1) size 97x17
            text run at (0,-1) width 97: "Disabled textarea"
        RenderBlock {DIV} at (1,135) size 352x46 [border: (1px solid #FF0000)]
          RenderText {#text} at (1,30) size 14x17
            text run at (1,30) width 14: "A "
          RenderText {#text} at (180,30) size 13x17
            text run at (180,30) width 13: " B"
        RenderBlock (anonymous) at (1,181) size 350x14
          RenderText {#text} at (0,-1) size 123x17
            text run at (0,-1) width 123: "style=\"padding:10px\""
        RenderBlock {DIV} at (1,195) size 352x62 [border: (1px solid #FF0000)]
          RenderText {#text} at (1,46) size 14x17
            text run at (1,46) width 14: "A "
          RenderText {#text} at (196,46) size 13x17
            text run at (196,46) width 13: " B"
        RenderBlock (anonymous) at (1,257) size 350x14
          RenderText {#text} at (0,-1) size 116x17
            text run at (0,-1) width 116: "style=\"padding:0px\""
        RenderBlock {DIV} at (1,271) size 352x42 [border: (1px solid #FF0000)]
          RenderText {#text} at (1,26) size 14x17
            text run at (1,26) width 14: "A "
          RenderText {#text} at (176,26) size 13x17
            text run at (176,26) width 13: " B"
        RenderBlock (anonymous) at (1,313) size 350x14
          RenderText {#text} at (0,-1) size 118x17
            text run at (0,-1) width 118: "style=\"margin:10px\""
        RenderBlock {DIV} at (1,327) size 352x62 [border: (1px solid #FF0000)]
          RenderText {#text} at (1,46) size 14x17
            text run at (1,46) width 14: "A "
          RenderText {#text} at (196,46) size 13x17
            text run at (196,46) width 13: " B"
        RenderBlock (anonymous) at (1,389) size 350x14
          RenderText {#text} at (0,-1) size 111x17
            text run at (0,-1) width 111: "style=\"margin:0px\""
        RenderBlock {DIV} at (1,403) size 352x42 [border: (1px solid #FF0000)]
          RenderText {#text} at (1,26) size 14x17
            text run at (1,26) width 14: "A "
          RenderText {#text} at (176,26) size 13x17
            text run at (176,26) width 13: " B"
        RenderBlock (anonymous) at (1,445) size 350x14
          RenderText {#text} at (0,-1) size 37x17
            text run at (0,-1) width 37: "cols=3"
        RenderBlock {DIV} at (1,459) size 352x46 [border: (1px solid #FF0000)]
          RenderText {#text} at (1,30) size 14x17
            text run at (1,30) width 14: "A "
          RenderText {#text} at (61,30) size 13x17
            text run at (61,30) width 13: " B"
        RenderBlock (anonymous) at (1,505) size 350x14
          RenderText {#text} at (0,-1) size 42x17
            text run at (0,-1) width 42: "rows=3"
        RenderBlock {DIV} at (1,519) size 352x62 [border: (1px solid #FF0000)]
          RenderText {#text} at (1,46) size 14x17
            text run at (1,46) width 14: "A "
          RenderText {#text} at (180,46) size 13x17
            text run at (180,46) width 13: " B"
        RenderBlock (anonymous) at (1,581) size 350x14
          RenderText {#text} at (0,-1) size 44x17
            text run at (0,-1) width 44: "cols=10"
        RenderBlock {DIV} at (1,595) size 352x46 [border: (1px solid #FF0000)]
          RenderText {#text} at (1,30) size 14x17
            text run at (1,30) width 14: "A "
          RenderText {#text} at (110,30) size 13x17
            text run at (110,30) width 13: " B"
        RenderBlock (anonymous) at (1,641) size 350x14
          RenderText {#text} at (0,-1) size 49x17
            text run at (0,-1) width 49: "rows=10"
        RenderBlock {DIV} at (1,655) size 352x174 [border: (1px solid #FF0000)]
          RenderText {#text} at (1,158) size 14x17
            text run at (1,158) width 14: "A "
          RenderText {#text} at (180,158) size 13x17
            text run at (180,158) width 13: " B"
        RenderBlock (anonymous) at (1,829) size 350x14
          RenderText {#text} at (0,-1) size 83x17
            text run at (0,-1) width 83: "cols=5 rows=4"
        RenderBlock {DIV} at (1,843) size 352x78 [border: (1px solid #FF0000)]
          RenderText {#text} at (1,62) size 14x17
            text run at (1,62) width 14: "A "
          RenderText {#text} at (75,62) size 13x17
            text run at (75,62) width 13: " B"
      RenderBlock (floating) {DIV} at (352,0) size 352x1090 [border: (1px solid #FF0000)]
        RenderBlock (anonymous) at (1,1) size 350x14
          RenderText {#text} at (0,-1) size 110x17
            text run at (0,-1) width 110: "style=\"width:60px\""
        RenderBlock {DIV} at (1,15) size 352x46 [border: (1px solid #FF0000)]
          RenderText {#text} at (1,30) size 14x17
            text run at (1,30) width 14: "A "
          RenderText {#text} at (75,30) size 13x17
            text run at (75,30) width 13: " B"
        RenderBlock (anonymous) at (1,61) size 350x14
          RenderText {#text} at (0,-1) size 191x17
            text run at (0,-1) width 191: "style=\"width:60px;padding:20px\""
        RenderBlock {DIV} at (1,75) size 352x82 [border: (1px solid #FF0000)]
          RenderText {#text} at (1,66) size 14x17
            text run at (1,66) width 14: "A "
          RenderText {#text} at (75,66) size 13x17
            text run at (75,66) width 13: " B"
        RenderBlock (anonymous) at (1,157) size 350x14
          RenderText {#text} at (0,-1) size 170x17
            text run at (0,-1) width 170: "style=\"width:60px;padding:0\""
        RenderBlock {DIV} at (1,171) size 352x42 [border: (1px solid #FF0000)]
          RenderText {#text} at (1,26) size 14x17
            text run at (1,26) width 14: "A "
          RenderText {#text} at (75,26) size 13x17
            text run at (75,26) width 13: " B"
        RenderBlock (anonymous) at (1,213) size 350x14
          RenderText {#text} at (0,-1) size 113x17
            text run at (0,-1) width 113: "style=\"height:60px\""
        RenderBlock {DIV} at (1,227) size 352x64 [border: (1px solid #FF0000)]
          RenderText {#text} at (1,48) size 14x17
            text run at (1,48) width 14: "A "
          RenderText {#text} at (180,48) size 13x17
            text run at (180,48) width 13: " B"
        RenderBlock (anonymous) at (1,291) size 350x14
          RenderText {#text} at (0,-1) size 181x17
            text run at (0,-1) width 181: "style=\"width:60px;height:60px\""
        RenderBlock {DIV} at (1,305) size 352x64 [border: (1px solid #FF0000)]
          RenderText {#text} at (1,48) size 14x17
            text run at (1,48) width 14: "A "
          RenderText {#text} at (75,48) size 13x17
            text run at (75,48) width 13: " B"
        RenderBlock (anonymous) at (1,369) size 350x14
          RenderText {#text} at (0,-1) size 139x17
            text run at (0,-1) width 139: "style=\"overflow:hidden\""
        RenderBlock {DIV} at (1,383) size 352x46 [border: (1px solid #FF0000)]
          RenderText {#text} at (1,30) size 14x17
            text run at (1,30) width 14: "A "
          RenderText {#text} at (180,30) size 13x17
            text run at (180,30) width 13: " B"
        RenderBlock (anonymous) at (1,429) size 350x14
          RenderText {#text} at (0,-1) size 132x17
            text run at (0,-1) width 132: "style=\"overflow:scroll\""
        RenderBlock {DIV} at (1,443) size 352x61 [border: (1px solid #FF0000)]
          RenderText {#text} at (1,45) size 14x17
            text run at (1,45) width 14: "A "
          RenderText {#text} at (180,45) size 13x17
            text run at (180,45) width 13: " B"
        RenderBlock (anonymous) at (1,504) size 350x14
          RenderText {#text} at (0,-1) size 278x17
            text run at (0,-1) width 278: "style=\"overflow:hidden;width:60px;height:60px\""
        RenderBlock {DIV} at (1,518) size 352x64 [border: (1px solid #FF0000)]
          RenderText {#text} at (1,48) size 14x17
            text run at (1,48) width 14: "A "
          RenderText {#text} at (75,48) size 13x17
            text run at (75,48) width 13: " B"
        RenderBlock (anonymous) at (1,582) size 350x14
          RenderText {#text} at (0,-1) size 271x17
            text run at (0,-1) width 271: "style=\"overflow:scroll;width:60px;height:60px\""
        RenderBlock {DIV} at (1,596) size 352x64 [border: (1px solid #FF0000)]
          RenderText {#text} at (1,48) size 14x17
            text run at (1,48) width 14: "A "
          RenderText {#text} at (75,48) size 13x17
            text run at (75,48) width 13: " B"
        RenderBlock (anonymous) at (1,660) size 350x14
          RenderText {#text} at (0,-1) size 222x17
            text run at (0,-1) width 222: "cols=5 style=\"width:60px;height:60px\""
        RenderBlock {DIV} at (1,674) size 352x64 [border: (1px solid #FF0000)]
          RenderText {#text} at (1,48) size 14x17
            text run at (1,48) width 14: "A "
          RenderText {#text} at (75,48) size 13x17
            text run at (75,48) width 13: " B"
        RenderBlock (anonymous) at (1,738) size 350x14
          RenderText {#text} at (0,-1) size 227x17
            text run at (0,-1) width 227: "rows=4 style=\"width:60px;height:60px\""
        RenderBlock {DIV} at (1,752) size 352x64 [border: (1px solid #FF0000)]
          RenderText {#text} at (1,48) size 14x17
            text run at (1,48) width 14: "A "
          RenderText {#text} at (75,48) size 13x17
            text run at (75,48) width 13: " B"
        RenderBlock (anonymous) at (1,816) size 350x14
          RenderText {#text} at (0,-1) size 268x17
            text run at (0,-1) width 268: "cols=5 rows=4 style=\"width:60px;height:60px\""
        RenderBlock {DIV} at (1,830) size 352x64 [border: (1px solid #FF0000)]
          RenderText {#text} at (1,48) size 14x17
            text run at (1,48) width 14: "A "
          RenderText {#text} at (75,48) size 13x17
            text run at (75,48) width 13: " B"
        RenderBlock (anonymous) at (1,894) size 350x14
          RenderText {#text} at (0,-1) size 65x17
            text run at (0,-1) width 65: "wrap=\"off\""
        RenderBlock {DIV} at (1,908) size 352x61 [border: (1px solid #FF0000)]
          RenderText {#text} at (1,45) size 14x17
            text run at (1,45) width 14: "A "
          RenderText {#text} at (180,45) size 13x17
            text run at (180,45) width 4: " "
            text run at (184,45) width 9: "B"
        RenderBlock (anonymous) at (1,969) size 350x14
          RenderText {#text} at (0,-1) size 73x17
            text run at (0,-1) width 73: "wrap=\"hard\""
        RenderBlock {DIV} at (1,983) size 352x46 [border: (1px solid #FF0000)]
          RenderText {#text} at (1,30) size 14x17
            text run at (1,30) width 14: "A "
          RenderText {#text} at (180,30) size 13x17
            text run at (180,30) width 4: " "
            text run at (184,30) width 9: "B"
        RenderBlock (anonymous) at (1,1029) size 350x14
          RenderText {#text} at (0,-1) size 69x17
            text run at (0,-1) width 69: "wrap=\"soft\""
        RenderBlock {DIV} at (1,1043) size 352x46 [border: (1px solid #FF0000)]
          RenderText {#text} at (1,30) size 14x17
            text run at (1,30) width 14: "A "
          RenderText {#text} at (180,30) size 13x17
            text run at (180,30) width 4: " "
            text run at (184,30) width 9: "B"
layer at (26,26) size 161x38 clip at (27,27) size 159x36
  RenderTextControl {TEXTAREA} at (17,3) size 161x38 [bgcolor=#FFFFFF] [border: (1px solid #000000)]
    RenderBlock {DIV} at (3,3) size 155x16
      RenderText {#text} at (0,0) size 110x17
        text run at (0,0) width 110: "Lorem ipsum dolor"
layer at (26,86) size 161x38 clip at (27,87) size 144x36 scrollHeight 68
  RenderTextControl {TEXTAREA} at (17,3) size 161x38 [bgcolor=#FFFFFF] [border: (1px solid #000000)]
    RenderBlock {DIV} at (3,3) size 140x64
      RenderText {#text} at (0,0) size 140x65
        text run at (0,0) width 110: "Lorem ipsum dolor"
        text run at (110,0) width 4: " "
        text run at (0,16) width 136: "ABCDEFGHIJKLMNO"
        text run at (0,32) width 106: "PQRSTUVWXYZ"
        text run at (106,32) width 4: " "
        text run at (0,48) width 137: "abcdefghijklmnopqrstuv"
        text run at (137,48) width 3: " "
layer at (26,146) size 161x38 clip at (27,147) size 144x36 scrollHeight 68
  RenderTextControl {TEXTAREA} at (17,3) size 161x38 [bgcolor=#FFFFFF] [border: (1px solid #000000)]
    RenderBlock {DIV} at (3,3) size 140x64 [color=#545454]
      RenderText {#text} at (0,0) size 140x65
        text run at (0,0) width 110: "Lorem ipsum dolor"
        text run at (110,0) width 4: " "
        text run at (0,16) width 136: "ABCDEFGHIJKLMNO"
        text run at (0,32) width 106: "PQRSTUVWXYZ"
        text run at (106,32) width 4: " "
        text run at (0,48) width 137: "abcdefghijklmnopqrstuv"
        text run at (137,48) width 3: " "
layer at (26,206) size 177x54 clip at (27,207) size 160x52 scrollHeight 84
  RenderTextControl {TEXTAREA} at (17,3) size 177x54 [bgcolor=#FFFFFF] [border: (1px solid #000000)]
    RenderBlock {DIV} at (11,11) size 140x64
      RenderText {#text} at (0,0) size 140x65
        text run at (0,0) width 110: "Lorem ipsum dolor"
        text run at (110,0) width 4: " "
        text run at (0,16) width 136: "ABCDEFGHIJKLMNO"
        text run at (0,32) width 106: "PQRSTUVWXYZ"
        text run at (106,32) width 4: " "
        text run at (0,48) width 137: "abcdefghijklmnopqrstuv"
        text run at (137,48) width 3: " "
layer at (26,282) size 157x34 clip at (27,283) size 140x32 scrollHeight 65
  RenderTextControl {TEXTAREA} at (17,3) size 157x34 [bgcolor=#FFFFFF] [border: (1px solid #000000)]
    RenderBlock {DIV} at (1,1) size 140x64
      RenderText {#text} at (0,0) size 140x65
        text run at (0,0) width 110: "Lorem ipsum dolor"
        text run at (110,0) width 4: " "
        text run at (0,16) width 136: "ABCDEFGHIJKLMNO"
        text run at (0,32) width 106: "PQRSTUVWXYZ"
        text run at (106,32) width 4: " "
        text run at (0,48) width 137: "abcdefghijklmnopqrstuv"
        text run at (137,48) width 3: " "
layer at (34,346) size 161x38 clip at (35,347) size 144x36 scrollHeight 68
  RenderTextControl {TEXTAREA} at (25,11) size 161x38 [bgcolor=#FFFFFF] [border: (1px solid #000000)]
    RenderBlock {DIV} at (3,3) size 140x64
      RenderText {#text} at (0,0) size 140x65
        text run at (0,0) width 110: "Lorem ipsum dolor"
        text run at (110,0) width 4: " "
        text run at (0,16) width 136: "ABCDEFGHIJKLMNO"
        text run at (0,32) width 106: "PQRSTUVWXYZ"
        text run at (106,32) width 4: " "
        text run at (0,48) width 137: "abcdefghijklmnopqrstuv"
        text run at (137,48) width 3: " "
layer at (24,412) size 161x38 clip at (25,413) size 144x36 scrollHeight 68
  RenderTextControl {TEXTAREA} at (15,1) size 161x38 [bgcolor=#FFFFFF] [border: (1px solid #000000)]
    RenderBlock {DIV} at (3,3) size 140x64
      RenderText {#text} at (0,0) size 140x65
        text run at (0,0) width 110: "Lorem ipsum dolor"
        text run at (110,0) width 4: " "
        text run at (0,16) width 136: "ABCDEFGHIJKLMNO"
        text run at (0,32) width 106: "PQRSTUVWXYZ"
        text run at (106,32) width 4: " "
        text run at (0,48) width 137: "abcdefghijklmnopqrstuv"
        text run at (137,48) width 3: " "
layer at (26,470) size 42x38 clip at (27,471) size 25x36 scrollHeight 452
  RenderTextControl {TEXTAREA} at (17,3) size 42x38 [bgcolor=#FFFFFF] [border: (1px solid #000000)]
    RenderBlock {DIV} at (3,3) size 21x448
      RenderText {#text} at (0,0) size 21x449
        text run at (0,0) width 21: "Lor"
        text run at (0,16) width 17: "em"
        text run at (17,16) width 4: " "
        text run at (0,32) width 16: "ips"
        text run at (0,48) width 18: "um"
        text run at (18,48) width 3: " "
        text run at (0,64) width 18: "dol"
        text run at (0,80) width 12: "or"
        text run at (12,80) width 4: " "
        text run at (0,96) width 19: "AB"
        text run at (0,112) width 19: "CD"
        text run at (0,128) width 17: "EF"
        text run at (0,144) width 20: "GH"
        text run at (0,160) width 20: "IJK"
        text run at (0,176) width 21: "LM"
        text run at (0,192) width 20: "NO"
        text run at (0,208) width 18: "PQ"
        text run at (0,224) width 17: "RS"
        text run at (0,240) width 19: "TU"
        text run at (0,256) width 10: "V"
        text run at (0,272) width 13: "W"
        text run at (0,288) width 20: "XY"
        text run at (0,304) width 9: "Z"
        text run at (9,304) width 4: " "
        text run at (0,320) width 19: "abc"
        text run at (0,336) width 18: "def"
        text run at (0,352) width 18: "ghi"
        text run at (0,368) width 15: "jkl"
        text run at (0,384) width 18: "mn"
        text run at (0,400) width 21: "opq"
        text run at (0,416) width 21: "rstu"
        text run at (0,432) width 7: "v"
        text run at (7,432) width 4: " "
layer at (26,530) size 161x54 clip at (27,531) size 144x52 scrollHeight 68
  RenderTextControl {TEXTAREA} at (17,3) size 161x54 [bgcolor=#FFFFFF] [border: (1px solid #000000)]
    RenderBlock {DIV} at (3,3) size 140x64
      RenderText {#text} at (0,0) size 140x65
        text run at (0,0) width 110: "Lorem ipsum dolor"
        text run at (110,0) width 4: " "
        text run at (0,16) width 136: "ABCDEFGHIJKLMNO"
        text run at (0,32) width 106: "PQRSTUVWXYZ"
        text run at (106,32) width 4: " "
        text run at (0,48) width 137: "abcdefghijklmnopqrstuv"
        text run at (137,48) width 3: " "
layer at (26,606) size 91x38 clip at (27,607) size 74x36 scrollHeight 132
  RenderTextControl {TEXTAREA} at (17,3) size 91x38 [bgcolor=#FFFFFF] [border: (1px solid #000000)]
    RenderBlock {DIV} at (3,3) size 70x128
      RenderText {#text} at (0,0) size 70x129
        text run at (0,0) width 38: "Lorem"
        text run at (38,0) width 4: " "
        text run at (0,16) width 68: "ipsum dolor"
        text run at (68,16) width 2: " "
        text run at (0,32) width 65: "ABCDEFG"
        text run at (0,48) width 61: "HIJKLMN"
        text run at (0,64) width 64: "OPQRSTU"
        text run at (0,80) width 52: "VWXYZ"
        text run at (52,80) width 4: " "
        text run at (0,96) width 70: "abcdefghijkl"
        text run at (0,112) width 67: "mnopqrstuv"
        text run at (67,112) width 3: " "
layer at (26,666) size 161x166 clip at (27,667) size 159x164
  RenderTextControl {TEXTAREA} at (17,3) size 161x166 [bgcolor=#FFFFFF] [border: (1px solid #000000)]
    RenderBlock {DIV} at (3,3) size 155x64
      RenderText {#text} at (0,0) size 154x65
        text run at (0,0) width 110: "Lorem ipsum dolor"
        text run at (110,0) width 4: " "
        text run at (0,16) width 154: "ABCDEFGHIJKLMNOPQ"
        text run at (0,32) width 88: "RSTUVWXYZ"
        text run at (88,32) width 4: " "
        text run at (0,48) width 137: "abcdefghijklmnopqrstuv"
        text run at (137,48) width 4: " "
layer at (26,854) size 56x70 clip at (27,855) size 39x68 scrollHeight 292
  RenderTextControl {TEXTAREA} at (17,3) size 56x70 [bgcolor=#FFFFFF] [border: (1px solid #000000)]
    RenderBlock {DIV} at (3,3) size 35x288
      RenderText {#text} at (0,0) size 35x289
        text run at (0,0) width 27: "Lore"
        text run at (0,16) width 11: "m"
        text run at (11,16) width 4: " "
        text run at (0,32) width 34: "ipsum"
        text run at (34,32) width 1: " "
        text run at (0,48) width 30: "dolor"
        text run at (30,48) width 4: " "
        text run at (0,64) width 28: "ABC"
        text run at (0,80) width 27: "DEF"
        text run at (0,96) width 30: "GHIJ"
        text run at (0,112) width 31: "KLM"
        text run at (0,128) width 28: "NOP"
        text run at (0,144) width 27: "QRS"
        text run at (0,160) width 29: "TUV"
        text run at (0,176) width 33: "WXY"
        text run at (0,192) width 9: "Z"
        text run at (9,192) width 4: " "
        text run at (0,208) width 32: "abcde"
        text run at (0,224) width 34: "fghijk"
        text run at (0,240) width 29: "lmno"
        text run at (0,256) width 35: "pqrstu"
        text run at (0,272) width 7: "v"
        text run at (7,272) width 4: " "
layer at (376,26) size 60x38 clip at (377,27) size 43x36 scrollHeight 244
  RenderTextControl {TEXTAREA} at (15,3) size 60x38 [bgcolor=#FFFFFF] [border: (1px solid #000000)]
    RenderBlock {DIV} at (3,3) size 39x240
      RenderText {#text} at (0,0) size 39x241
        text run at (0,0) width 38: "Lorem"
        text run at (38,0) width 1: " "
        text run at (0,16) width 34: "ipsum"
        text run at (34,16) width 4: " "
        text run at (0,32) width 30: "dolor"
        text run at (30,32) width 4: " "
        text run at (0,48) width 38: "ABCD"
        text run at (0,64) width 37: "EFGH"
        text run at (0,80) width 29: "IJKL"
        text run at (0,96) width 32: "MNO"
        text run at (0,112) width 35: "PQRS"
        text run at (0,128) width 29: "TUV"
        text run at (0,144) width 33: "WXY"
        text run at (0,160) width 9: "Z"
        text run at (9,160) width 4: " "
        text run at (0,176) width 37: "abcdef"
        text run at (0,192) width 33: "ghijkl"
        text run at (0,208) width 39: "mnopq"
        text run at (0,224) width 28: "rstuv"
        text run at (28,224) width 4: " "
layer at (376,86) size 60x74 clip at (377,87) size 43x72 scrollHeight 1128
  RenderTextControl {TEXTAREA} at (15,3) size 60x74 [bgcolor=#FFFFFF] [border: (1px solid #000000)]
    RenderBlock {DIV} at (21,21) size 3x1088
      RenderText {#text} at (0,0) size 13x1089
        text run at (0,0) width 9: "L"
        text run at (0,16) width 7: "o"
        text run at (0,32) width 5: "r"
        text run at (0,48) width 6: "e"
        text run at (0,64) width 11: "m"
        text run at (0,80) width 3: " "
        text run at (0,96) width 4: "i"
        text run at (0,112) width 7: "p"
        text run at (0,128) width 5: "s"
        text run at (0,144) width 7: "u"
        text run at (0,160) width 11: "m"
        text run at (0,176) width 3: " "
        text run at (0,192) width 7: "d"
        text run at (0,208) width 7: "o"
        text run at (0,224) width 4: "l"
        text run at (0,240) width 7: "o"
        text run at (0,256) width 5: "r"
        text run at (0,272) width 3: " "
        text run at (0,288) width 10: "A"
        text run at (0,304) width 9: "B"
        text run at (0,320) width 9: "C"
        text run at (0,336) width 10: "D"
        text run at (0,352) width 9: "E"
        text run at (0,368) width 8: "F"
        text run at (0,384) width 10: "G"
        text run at (0,400) width 10: "H"
        text run at (0,416) width 5: "I"
        text run at (0,432) width 5: "J"
        text run at (0,448) width 10: "K"
        text run at (0,464) width 9: "L"
        text run at (0,480) width 12: "M"
        text run at (0,496) width 10: "N"
        text run at (0,512) width 10: "O"
        text run at (0,528) width 8: "P"
        text run at (0,544) width 10: "Q"
        text run at (0,560) width 9: "R"
        text run at (0,576) width 8: "S"
        text run at (0,592) width 9: "T"
        text run at (0,608) width 10: "U"
        text run at (0,624) width 10: "V"
        text run at (0,640) width 13: "W"
        text run at (0,656) width 10: "X"
        text run at (0,672) width 10: "Y"
        text run at (0,688) width 9: "Z"
        text run at (0,704) width 3: " "
        text run at (0,720) width 6: "a"
        text run at (0,736) width 7: "b"
        text run at (0,752) width 6: "c"
        text run at (0,768) width 7: "d"
        text run at (0,784) width 6: "e"
        text run at (0,800) width 5: "f"
        text run at (0,816) width 7: "g"
        text run at (0,832) width 7: "h"
        text run at (0,848) width 4: "i"
        text run at (0,864) width 4: "j"
        text run at (0,880) width 7: "k"
        text run at (0,896) width 4: "l"
        text run at (0,912) width 11: "m"
        text run at (0,928) width 7: "n"
        text run at (0,944) width 7: "o"
        text run at (0,960) width 7: "p"
        text run at (0,976) width 7: "q"
        text run at (0,992) width 5: "r"
        text run at (0,1008) width 5: "s"
        text run at (0,1024) width 4: "t"
        text run at (0,1040) width 7: "u"
        text run at (0,1056) width 7: "v"
        text run at (0,1072) width 3: " "
layer at (376,182) size 60x34 clip at (377,183) size 43x32 scrollHeight 225
  RenderTextControl {TEXTAREA} at (15,3) size 60x34 [bgcolor=#FFFFFF] [border: (1px solid #000000)]
    RenderBlock {DIV} at (1,1) size 43x224
      RenderText {#text} at (0,0) size 43x225
        text run at (0,0) width 38: "Lorem"
        text run at (38,0) width 4: " "
        text run at (0,16) width 34: "ipsum"
        text run at (34,16) width 4: " "
        text run at (0,32) width 30: "dolor"
        text run at (30,32) width 4: " "
        text run at (0,48) width 38: "ABCD"
        text run at (0,64) width 42: "EFGHI"
        text run at (0,80) width 36: "JKLM"
        text run at (0,96) width 38: "NOPQ"
        text run at (0,112) width 36: "RSTU"
        text run at (0,128) width 43: "VWXY"
        text run at (0,144) width 9: "Z"
        text run at (9,144) width 4: " "
        text run at (0,160) width 37: "abcdef"
        text run at (0,176) width 33: "ghijkl"
        text run at (0,192) width 39: "mnopq"
        text run at (0,208) width 28: "rstuv"
        text run at (28,208) width 4: " "
layer at (378,236) size 161x60 clip at (379,237) size 144x58 scrollHeight 68
  RenderTextControl {TEXTAREA} at (17,1) size 161x60 [bgcolor=#FFFFFF] [border: (1px solid #000000)]
    RenderBlock {DIV} at (3,3) size 140x64
      RenderText {#text} at (0,0) size 140x65
        text run at (0,0) width 110: "Lorem ipsum dolor"
        text run at (110,0) width 4: " "
        text run at (0,16) width 136: "ABCDEFGHIJKLMNO"
        text run at (0,32) width 106: "PQRSTUVWXYZ"
        text run at (106,32) width 4: " "
        text run at (0,48) width 137: "abcdefghijklmnopqrstuv"
        text run at (137,48) width 3: " "
layer at (376,314) size 60x60 clip at (377,315) size 43x58 scrollHeight 244
  RenderTextControl {TEXTAREA} at (15,1) size 60x60 [bgcolor=#FFFFFF] [border: (1px solid #000000)]
    RenderBlock {DIV} at (3,3) size 39x240
      RenderText {#text} at (0,0) size 39x241
        text run at (0,0) width 38: "Lorem"
        text run at (38,0) width 1: " "
        text run at (0,16) width 34: "ipsum"
        text run at (34,16) width 4: " "
        text run at (0,32) width 30: "dolor"
        text run at (30,32) width 4: " "
        text run at (0,48) width 38: "ABCD"
        text run at (0,64) width 37: "EFGH"
        text run at (0,80) width 29: "IJKL"
        text run at (0,96) width 32: "MNO"
        text run at (0,112) width 35: "PQRS"
        text run at (0,128) width 29: "TUV"
        text run at (0,144) width 33: "WXY"
        text run at (0,160) width 9: "Z"
        text run at (9,160) width 4: " "
        text run at (0,176) width 37: "abcdef"
        text run at (0,192) width 33: "ghijkl"
        text run at (0,208) width 39: "mnopq"
        text run at (0,224) width 28: "rstuv"
        text run at (28,224) width 4: " "
layer at (378,394) size 161x38 clip at (379,395) size 159x36 scrollHeight 68
  RenderTextControl {TEXTAREA} at (17,3) size 161x38 [bgcolor=#FFFFFF] [border: (1px solid #000000)]
    RenderBlock {DIV} at (3,3) size 155x64
      RenderText {#text} at (0,0) size 154x65
        text run at (0,0) width 110: "Lorem ipsum dolor"
        text run at (110,0) width 4: " "
        text run at (0,16) width 154: "ABCDEFGHIJKLMNOPQ"
        text run at (0,32) width 88: "RSTUVWXYZ"
        text run at (88,32) width 4: " "
        text run at (0,48) width 137: "abcdefghijklmnopqrstuv"
        text run at (137,48) width 4: " "
layer at (378,454) size 161x53 clip at (379,455) size 144x36 scrollHeight 68
  RenderTextControl {TEXTAREA} at (17,3) size 161x53 [bgcolor=#FFFFFF] [border: (1px solid #000000)]
    RenderBlock {DIV} at (3,3) size 140x64
      RenderText {#text} at (0,0) size 140x65
        text run at (0,0) width 110: "Lorem ipsum dolor"
        text run at (110,0) width 4: " "
        text run at (0,16) width 136: "ABCDEFGHIJKLMNO"
        text run at (0,32) width 106: "PQRSTUVWXYZ"
        text run at (106,32) width 4: " "
        text run at (0,48) width 137: "abcdefghijklmnopqrstuv"
        text run at (137,48) width 3: " "
layer at (376,527) size 60x60 clip at (377,528) size 58x58 scrollHeight 180
  RenderTextControl {TEXTAREA} at (15,1) size 60x60 [bgcolor=#FFFFFF] [border: (1px solid #000000)]
    RenderBlock {DIV} at (3,3) size 54x176
      RenderText {#text} at (0,0) size 54x177
        text run at (0,0) width 38: "Lorem"
        text run at (38,0) width 4: " "
        text run at (0,16) width 34: "ipsum"
        text run at (34,16) width 4: " "
        text run at (0,32) width 30: "dolor"
        text run at (30,32) width 4: " "
        text run at (0,48) width 47: "ABCDE"
        text run at (0,64) width 48: "FGHIJK"
        text run at (0,80) width 49: "LMNOP"
        text run at (0,96) width 46: "QRSTU"
        text run at (0,112) width 52: "VWXYZ"
        text run at (52,112) width 2: " "
        text run at (0,128) width 51: "abcdefgh"
        text run at (0,144) width 51: "ijklmnop"
        text run at (0,160) width 35: "qrstuv"
        text run at (35,160) width 4: " "
layer at (376,605) size 60x60 clip at (377,606) size 43x43 scrollHeight 244
  RenderTextControl {TEXTAREA} at (15,1) size 60x60 [bgcolor=#FFFFFF] [border: (1px solid #000000)]
    RenderBlock {DIV} at (3,3) size 39x240
      RenderText {#text} at (0,0) size 39x241
        text run at (0,0) width 38: "Lorem"
        text run at (38,0) width 1: " "
        text run at (0,16) width 34: "ipsum"
        text run at (34,16) width 4: " "
        text run at (0,32) width 30: "dolor"
        text run at (30,32) width 4: " "
        text run at (0,48) width 38: "ABCD"
        text run at (0,64) width 37: "EFGH"
        text run at (0,80) width 29: "IJKL"
        text run at (0,96) width 32: "MNO"
        text run at (0,112) width 35: "PQRS"
        text run at (0,128) width 29: "TUV"
        text run at (0,144) width 33: "WXY"
        text run at (0,160) width 9: "Z"
        text run at (9,160) width 4: " "
        text run at (0,176) width 37: "abcdef"
        text run at (0,192) width 33: "ghijkl"
        text run at (0,208) width 39: "mnopq"
        text run at (0,224) width 28: "rstuv"
        text run at (28,224) width 4: " "
layer at (376,683) size 60x60 clip at (377,684) size 43x58 scrollHeight 244
  RenderTextControl {TEXTAREA} at (15,1) size 60x60 [bgcolor=#FFFFFF] [border: (1px solid #000000)]
    RenderBlock {DIV} at (3,3) size 39x240
      RenderText {#text} at (0,0) size 39x241
        text run at (0,0) width 38: "Lorem"
        text run at (38,0) width 1: " "
        text run at (0,16) width 34: "ipsum"
        text run at (34,16) width 4: " "
        text run at (0,32) width 30: "dolor"
        text run at (30,32) width 4: " "
        text run at (0,48) width 38: "ABCD"
        text run at (0,64) width 37: "EFGH"
        text run at (0,80) width 29: "IJKL"
        text run at (0,96) width 32: "MNO"
        text run at (0,112) width 35: "PQRS"
        text run at (0,128) width 29: "TUV"
        text run at (0,144) width 33: "WXY"
        text run at (0,160) width 9: "Z"
        text run at (9,160) width 4: " "
        text run at (0,176) width 37: "abcdef"
        text run at (0,192) width 33: "ghijkl"
        text run at (0,208) width 39: "mnopq"
        text run at (0,224) width 28: "rstuv"
        text run at (28,224) width 4: " "
layer at (376,761) size 60x60 clip at (377,762) size 43x58 scrollHeight 244
  RenderTextControl {TEXTAREA} at (15,1) size 60x60 [bgcolor=#FFFFFF] [border: (1px solid #000000)]
    RenderBlock {DIV} at (3,3) size 39x240
      RenderText {#text} at (0,0) size 39x241
        text run at (0,0) width 38: "Lorem"
        text run at (38,0) width 1: " "
        text run at (0,16) width 34: "ipsum"
        text run at (34,16) width 4: " "
        text run at (0,32) width 30: "dolor"
        text run at (30,32) width 4: " "
        text run at (0,48) width 38: "ABCD"
        text run at (0,64) width 37: "EFGH"
        text run at (0,80) width 29: "IJKL"
        text run at (0,96) width 32: "MNO"
        text run at (0,112) width 35: "PQRS"
        text run at (0,128) width 29: "TUV"
        text run at (0,144) width 33: "WXY"
        text run at (0,160) width 9: "Z"
        text run at (9,160) width 4: " "
        text run at (0,176) width 37: "abcdef"
        text run at (0,192) width 33: "ghijkl"
        text run at (0,208) width 39: "mnopq"
        text run at (0,224) width 28: "rstuv"
        text run at (28,224) width 4: " "
layer at (376,839) size 60x60 clip at (377,840) size 43x58 scrollHeight 244
  RenderTextControl {TEXTAREA} at (15,1) size 60x60 [bgcolor=#FFFFFF] [border: (1px solid #000000)]
    RenderBlock {DIV} at (3,3) size 39x240
      RenderText {#text} at (0,0) size 39x241
        text run at (0,0) width 38: "Lorem"
        text run at (38,0) width 1: " "
        text run at (0,16) width 34: "ipsum"
        text run at (34,16) width 4: " "
        text run at (0,32) width 30: "dolor"
        text run at (30,32) width 4: " "
        text run at (0,48) width 38: "ABCD"
        text run at (0,64) width 37: "EFGH"
        text run at (0,80) width 29: "IJKL"
        text run at (0,96) width 32: "MNO"
        text run at (0,112) width 35: "PQRS"
        text run at (0,128) width 29: "TUV"
        text run at (0,144) width 33: "WXY"
        text run at (0,160) width 9: "Z"
        text run at (9,160) width 4: " "
        text run at (0,176) width 37: "abcdef"
        text run at (0,192) width 33: "ghijkl"
        text run at (0,208) width 39: "mnopq"
        text run at (0,224) width 28: "rstuv"
        text run at (28,224) width 4: " "
layer at (378,919) size 161x53 clip at (379,920) size 144x36 scrollWidth 204 scrollHeight 260
  RenderTextControl {TEXTAREA} at (17,3) size 161x53 [bgcolor=#FFFFFF] [border: (1px solid #000000)]
    RenderBlock {DIV} at (3,3) size 140x256
      RenderText {#text} at (0,0) size 202x241
        text run at (0,0) width 4: " "
        text run at (4,0) width 0: " "
        text run at (0,16) width 202: "This is a text area with wrap=\"soft\""
        text run at (202,16) width 0: " "
        text run at (0,32) width 202: "This is a text area with wrap=\"soft\""
        text run at (202,32) width 0: " "
        text run at (0,48) width 202: "This is a text area with wrap=\"soft\""
        text run at (202,48) width 0: " "
        text run at (0,64) width 202: "This is a text area with wrap=\"soft\""
        text run at (202,64) width 0: " "
        text run at (0,80) width 202: "This is a text area with wrap=\"soft\""
        text run at (202,80) width 0: " "
        text run at (0,96) width 202: "This is a text area with wrap=\"soft\""
        text run at (202,96) width 0: " "
        text run at (0,112) width 202: "This is a text area with wrap=\"soft\""
        text run at (202,112) width 0: " "
        text run at (0,128) width 202: "This is a text area with wrap=\"soft\""
        text run at (202,128) width 0: " "
        text run at (0,144) width 202: "This is a text area with wrap=\"soft\""
        text run at (202,144) width 0: " "
        text run at (0,160) width 202: "This is a text area with wrap=\"soft\""
        text run at (202,160) width 0: " "
        text run at (0,176) width 202: "This is a text area with wrap=\"soft\""
        text run at (202,176) width 0: " "
        text run at (0,192) width 202: "This is a text area with wrap=\"soft\""
        text run at (202,192) width 0: " "
        text run at (0,208) width 202: "This is a text area with wrap=\"soft\""
        text run at (202,208) width 0: " "
        text run at (0,224) width 202: "This is a text area with wrap=\"soft\""
        text run at (202,224) width 0: " "
      RenderBR {BR} at (0,240) size 0x17
layer at (378,994) size 161x38 clip at (379,995) size 144x36 scrollHeight 484
  RenderTextControl {TEXTAREA} at (17,3) size 161x38 [bgcolor=#FFFFFF] [border: (1px solid #000000)]
    RenderBlock {DIV} at (3,3) size 140x480
      RenderText {#text} at (0,0) size 133x465
        text run at (0,0) width 4: " "
        text run at (4,0) width 0: " "
        text run at (0,16) width 129: "This is a text area with"
        text run at (129,16) width 4: " "
        text run at (0,32) width 69: "wrap=\"soft\""
        text run at (69,32) width 0: " "
        text run at (0,48) width 129: "This is a text area with"
        text run at (129,48) width 4: " "
        text run at (0,64) width 69: "wrap=\"soft\""
        text run at (69,64) width 0: " "
        text run at (0,80) width 129: "This is a text area with"
        text run at (129,80) width 4: " "
        text run at (0,96) width 69: "wrap=\"soft\""
        text run at (69,96) width 0: " "
        text run at (0,112) width 129: "This is a text area with"
        text run at (129,112) width 4: " "
        text run at (0,128) width 69: "wrap=\"soft\""
        text run at (69,128) width 0: " "
        text run at (0,144) width 129: "This is a text area with"
        text run at (129,144) width 4: " "
        text run at (0,160) width 69: "wrap=\"soft\""
        text run at (69,160) width 0: " "
        text run at (0,176) width 129: "This is a text area with"
        text run at (129,176) width 4: " "
        text run at (0,192) width 69: "wrap=\"soft\""
        text run at (69,192) width 0: " "
        text run at (0,208) width 129: "This is a text area with"
        text run at (129,208) width 4: " "
        text run at (0,224) width 69: "wrap=\"soft\""
        text run at (69,224) width 0: " "
        text run at (0,240) width 129: "This is a text area with"
        text run at (129,240) width 4: " "
        text run at (0,256) width 69: "wrap=\"soft\""
        text run at (69,256) width 0: " "
        text run at (0,272) width 129: "This is a text area with"
        text run at (129,272) width 4: " "
        text run at (0,288) width 69: "wrap=\"soft\""
        text run at (69,288) width 0: " "
        text run at (0,304) width 129: "This is a text area with"
        text run at (129,304) width 4: " "
        text run at (0,320) width 69: "wrap=\"soft\""
        text run at (69,320) width 0: " "
        text run at (0,336) width 129: "This is a text area with"
        text run at (129,336) width 4: " "
        text run at (0,352) width 69: "wrap=\"soft\""
        text run at (69,352) width 0: " "
        text run at (0,368) width 129: "This is a text area with"
        text run at (129,368) width 4: " "
        text run at (0,384) width 69: "wrap=\"soft\""
        text run at (69,384) width 0: " "
        text run at (0,400) width 129: "This is a text area with"
        text run at (129,400) width 4: " "
        text run at (0,416) width 69: "wrap=\"soft\""
        text run at (69,416) width 0: " "
        text run at (0,432) width 129: "This is a text area with"
        text run at (129,432) width 4: " "
        text run at (0,448) width 69: "wrap=\"soft\""
        text run at (69,448) width 0: " "
      RenderBR {BR} at (0,464) size 0x17
layer at (378,1054) size 161x38 clip at (379,1055) size 144x36 scrollHeight 484
  RenderTextControl {TEXTAREA} at (17,3) size 161x38 [bgcolor=#FFFFFF] [border: (1px solid #000000)]
    RenderBlock {DIV} at (3,3) size 140x480
      RenderText {#text} at (0,0) size 133x465
        text run at (0,0) width 4: " "
        text run at (4,0) width 0: " "
        text run at (0,16) width 129: "This is a text area with"
        text run at (129,16) width 4: " "
        text run at (0,32) width 69: "wrap=\"soft\""
        text run at (69,32) width 0: " "
        text run at (0,48) width 129: "This is a text area with"
        text run at (129,48) width 4: " "
        text run at (0,64) width 69: "wrap=\"soft\""
        text run at (69,64) width 0: " "
        text run at (0,80) width 129: "This is a text area with"
        text run at (129,80) width 4: " "
        text run at (0,96) width 69: "wrap=\"soft\""
        text run at (69,96) width 0: " "
        text run at (0,112) width 129: "This is a text area with"
        text run at (129,112) width 4: " "
        text run at (0,128) width 69: "wrap=\"soft\""
        text run at (69,128) width 0: " "
        text run at (0,144) width 129: "This is a text area with"
        text run at (129,144) width 4: " "
        text run at (0,160) width 69: "wrap=\"soft\""
        text run at (69,160) width 0: " "
        text run at (0,176) width 129: "This is a text area with"
        text run at (129,176) width 4: " "
        text run at (0,192) width 69: "wrap=\"soft\""
        text run at (69,192) width 0: " "
        text run at (0,208) width 129: "This is a text area with"
        text run at (129,208) width 4: " "
        text run at (0,224) width 69: "wrap=\"soft\""
        text run at (69,224) width 0: " "
        text run at (0,240) width 129: "This is a text area with"
        text run at (129,240) width 4: " "
        text run at (0,256) width 69: "wrap=\"soft\""
        text run at (69,256) width 0: " "
        text run at (0,272) width 129: "This is a text area with"
        text run at (129,272) width 4: " "
        text run at (0,288) width 69: "wrap=\"soft\""
        text run at (69,288) width 0: " "
        text run at (0,304) width 129: "This is a text area with"
        text run at (129,304) width 4: " "
        text run at (0,320) width 69: "wrap=\"soft\""
        text run at (69,320) width 0: " "
        text run at (0,336) width 129: "This is a text area with"
        text run at (129,336) width 4: " "
        text run at (0,352) width 69: "wrap=\"soft\""
        text run at (69,352) width 0: " "
        text run at (0,368) width 129: "This is a text area with"
        text run at (129,368) width 4: " "
        text run at (0,384) width 69: "wrap=\"soft\""
        text run at (69,384) width 0: " "
        text run at (0,400) width 129: "This is a text area with"
        text run at (129,400) width 4: " "
        text run at (0,416) width 69: "wrap=\"soft\""
        text run at (69,416) width 0: " "
        text run at (0,432) width 129: "This is a text area with"
        text run at (129,432) width 4: " "
        text run at (0,448) width 69: "wrap=\"soft\""
        text run at (69,448) width 0: " "
      RenderBR {BR} at (0,464) size 0x17
