layer at (0,0) size 800x600
  RenderView at (0,0) size 800x600
layer at (0,0) size 800x600
  RenderBlock {HTML} at (0,0) size 800x600
    RenderBody {BODY} at (8,8) size 784x579
      RenderBlock {P} at (0,0) size 784x36
        RenderInline {A} at (0,0) size 63x19 [color=#0000EE]
          RenderText {#text} at (0,0) size 63x19
            text run at (0,0) width 63: "Bug 5656"
        RenderText {#text} at (63,0) size 765x37
          text run at (63,0) width 702: " tests whether buttons force a white-space mode or not. These tests will only pass if the white-space mode is not"
          text run at (0,18) width 169: "forced and if it is inherited."
      RenderBlock {DIV} at (0,52) size 784x18
        RenderText {#text} at (0,0) size 358x19
          text run at (0,0) width 358: "Buttons should appear next to each other in a single row:"
      RenderTable {TABLE} at (0,70) size 226x37
        RenderTableSection {TBODY} at (0,0) size 226x37
          RenderTableRow {TR} at (0,2) size 226x33
            RenderTableCell {TD} at (2,2) size 222x33 [r=0 c=0 rs=1 cs=1]
              RenderButton {BUTTON} at (3,3) size 92x27 [bgcolor=#C0C0C0] [border: (2px outset #C0C0C0)]
                RenderBlock (anonymous) at (8,4) size 76x18
                  RenderText {#text} at (0,0) size 76x19
                    text run at (0,0) width 76: "Search Mail"
              RenderText {#text} at (97,7) size 4x19
                text run at (97,7) width 4: " "
              RenderButton {BUTTON} at (103,3) size 116x27 [bgcolor=#C0C0C0] [border: (2px outset #C0C0C0)]
                RenderBlock (anonymous) at (8,4) size 100x18
                  RenderText {#text} at (0,0) size 100x19
                    text run at (0,0) width 100: "Search the Web"
              RenderText {#text} at (0,0) size 0x0
      RenderBlock {DIV} at (0,107) size 784x18
        RenderText {#text} at (0,0) size 188x19
          text run at (0,0) width 188: "Buttons should look identical:"
      RenderBlock {DIV} at (0,125) size 784x31
        RenderButton {BUTTON} at (2,2) size 81x27 [bgcolor=#C0C0C0] [border: (2px outset #C0C0C0)]
          RenderBlock (anonymous) at (8,4) size 65x18
            RenderText {#text} at (0,0) size 65x19
              text run at (0,0) width 65: "test button"
      RenderBlock {DIV} at (0,156) size 784x31
        RenderButton {BUTTON} at (2,2) size 81x27 [bgcolor=#C0C0C0] [border: (2px outset #C0C0C0)]
          RenderBlock (anonymous) at (8,4) size 65x18
            RenderText {#text} at (0,0) size 65x19
              text run at (0,0) width 25: "test "
              text run at (25,0) width 40: "button"
      RenderBlock {DIV} at (0,187) size 784x18
        RenderText {#text} at (0,0) size 344x19
          text run at (0,0) width 344: "Buttons should look identical (ignore vertical spacing):"
      RenderBlock {DIV} at (0,205) size 784x31
        RenderButton {BUTTON} at (2,2) size 101x27 [bgcolor=#C0C0C0] [border: (2px outset #C0C0C0)]
          RenderBlock (anonymous) at (8,4) size 85x18
            RenderText {#text} at (0,0) size 85x19
              text run at (0,0) width 85: "  test  button  "
      RenderBlock {DIV} at (0,236) size 784x31
        RenderButton {BUTTON} at (2,2) size 101x27 [bgcolor=#C0C0C0] [border: (2px outset #C0C0C0)]
          RenderBlock (anonymous) at (8,4) size 85x18
            RenderText {#text} at (0,0) size 85x19
              text run at (0,0) width 85: "  test  button  "
      RenderBlock {DIV} at (0,280) size 784x28
        RenderBlock {PRE} at (0,0) size 784x28
          RenderButton {BUTTON} at (2,2) size 144x24 [bgcolor=#C0C0C0] [border: (2px outset #C0C0C0)]
            RenderBlock (anonymous) at (8,4) size 128x15
              RenderText {#text} at (0,0) size 128x15
                text run at (0,0) width 128: "  test  button  "
