layer at (0,0) size 800x600
  RenderView at (0,0) size 800x600
layer at (0,0) size 800x600
  RenderBlock {HTML} at (0,0) size 800x600
    RenderBody {BODY} at (8,8) size 784x584
      RenderButton {BUTTON} at (0,12) size 39x15 [bgcolor=#C0C0C0] [border: (2px outset #C0C0C0)]
        RenderBlock (anonymous) at (8,4) size 23x6
          RenderText {#text} at (0,0) size 23x7
            text run at (0,0) width 23: "Test Button"
      RenderText {#text} at (39,6) size 4x19
        text run at (39,6) width 4: " "
      RenderButton {BUTTON} at (43,11) size 46x16 [bgcolor=#C0C0C0] [border: (2px outset #C0C0C0)]
        RenderBlock (anonymous) at (8,4) size 30x7
          RenderText {#text} at (0,0) size 30x8
            text run at (0,0) width 30: "Test Button"
      RenderText {#text} at (89,6) size 4x19
        text run at (89,6) width 4: " "
      RenderButton {BUTTON} at (93,10) size 51x17 [bgcolor=#C0C0C0] [border: (2px outset #C0C0C0)]
        RenderBlock (anonymous) at (8,4) size 35x8
          RenderText {#text} at (0,0) size 35x9
            text run at (0,0) width 35: "Test Button"
      RenderText {#text} at (144,6) size 4x19
        text run at (144,6) width 4: " "
      RenderButton {BUTTON} at (148,9) size 53x18 [bgcolor=#C0C0C0] [border: (2px outset #C0C0C0)]
        RenderBlock (anonymous) at (8,4) size 37x9
          RenderText {#text} at (0,0) size 37x10
            text run at (0,0) width 37: "Test Button"
      RenderText {#text} at (201,6) size 4x19
        text run at (201,6) width 4: " "
      RenderButton {BUTTON} at (205,8) size 62x19 [bgcolor=#C0C0C0] [border: (2px outset #C0C0C0)]
        RenderBlock (anonymous) at (8,4) size 46x10
          RenderText {#text} at (0,0) size 46x11
            text run at (0,0) width 46: "Test Button"
      RenderText {#text} at (267,6) size 4x19
        text run at (267,6) width 4: " "
      RenderButton {BUTTON} at (271,8) size 64x21 [bgcolor=#C0C0C0] [border: (2px outset #C0C0C0)]
        RenderBlock (anonymous) at (8,4) size 48x12
          RenderText {#text} at (0,0) size 48x12
            text run at (0,0) width 48: "Test Button"
      RenderText {#text} at (335,6) size 4x19
        text run at (335,6) width 4: " "
      RenderButton {BUTTON} at (341,7) size 69x22 [bgcolor=#C0C0C0] [border: (2px outset #C0C0C0)]
        RenderBlock (anonymous) at (8,4) size 53x13
          RenderText {#text} at (0,0) size 53x13
            text run at (0,0) width 53: "Test Button"
      RenderText {#text} at (412,6) size 4x19
        text run at (412,6) width 4: " "
      RenderButton {INPUT} at (418,2) size 90x27 [bgcolor=#C0C0C0] [border: (2px outset #C0C0C0)]
        RenderBlock (anonymous) at (8,4) size 74x18
          RenderText at (0,0) size 74x19
            text run at (0,0) width 74: "Test Button"
      RenderText {#text} at (510,6) size 4x19
        text run at (510,6) width 4: " "
      RenderButton {BUTTON} at (516,6) size 71x23 [bgcolor=#C0C0C0] [border: (2px outset #C0C0C0)]
        RenderBlock (anonymous) at (8,4) size 55x14
          RenderText {#text} at (0,0) size 55x14
            text run at (0,0) width 55: "Test Button"
      RenderText {#text} at (589,6) size 4x19
        text run at (589,6) width 4: " "
      RenderButton {BUTTON} at (595,5) size 80x24 [bgcolor=#C0C0C0] [border: (2px outset #C0C0C0)]
        RenderBlock (anonymous) at (8,4) size 64x15
          RenderText {#text} at (0,0) size 64x15
            text run at (0,0) width 64: "Test Button"
      RenderText {#text} at (677,6) size 4x19
        text run at (677,6) width 4: " "
      RenderButton {BUTTON} at (683,4) size 82x25 [bgcolor=#C0C0C0] [border: (2px outset #C0C0C0)]
        RenderBlock (anonymous) at (8,4) size 66x16
          RenderText {#text} at (0,0) size 66x17
            text run at (0,0) width 66: "Test Button"
      RenderText {#text} at (767,6) size 4x19
        text run at (767,6) width 4: " "
      RenderButton {BUTTON} at (2,38) size 88x26 [bgcolor=#C0C0C0] [border: (2px outset #C0C0C0)]
        RenderBlock (anonymous) at (8,4) size 72x17
          RenderText {#text} at (0,0) size 72x18
            text run at (0,0) width 72: "Test Button"
      RenderText {#text} at (92,41) size 4x19
        text run at (92,41) width 4: " "
      RenderButton {BUTTON} at (98,37) size 90x27 [bgcolor=#C0C0C0] [border: (2px outset #C0C0C0)]
        RenderBlock (anonymous) at (8,4) size 74x18
          RenderText {#text} at (0,0) size 74x19
            text run at (0,0) width 74: "Test Button"
      RenderText {#text} at (190,41) size 4x19
        text run at (190,41) width 4: " "
      RenderButton {BUTTON} at (196,36) size 98x29 [bgcolor=#C0C0C0] [border: (2px outset #C0C0C0)]
        RenderBlock (anonymous) at (8,4) size 82x20
          RenderText {#text} at (0,0) size 82x20
            text run at (0,0) width 82: "Test Button"
      RenderText {#text} at (296,41) size 4x19
        text run at (296,41) width 4: " "
      RenderButton {BUTTON} at (302,35) size 101x30 [bgcolor=#C0C0C0] [border: (2px outset #C0C0C0)]
        RenderBlock (anonymous) at (8,4) size 85x21
          RenderText {#text} at (0,0) size 85x21
            text run at (0,0) width 85: "Test Button"
      RenderText {#text} at (405,41) size 4x19
        text run at (405,41) width 4: " "
      RenderButton {BUTTON} at (411,35) size 106x31 [bgcolor=#C0C0C0] [border: (2px outset #C0C0C0)]
        RenderBlock (anonymous) at (8,4) size 90x22
          RenderText {#text} at (0,0) size 90x22
            text run at (0,0) width 90: "Test Button"
      RenderText {#text} at (519,41) size 4x19
        text run at (519,41) width 4: " "
      RenderButton {BUTTON} at (525,34) size 111x32 [bgcolor=#C0C0C0] [border: (2px outset #C0C0C0)]
        RenderBlock (anonymous) at (8,4) size 95x23
          RenderText {#text} at (0,0) size 95x23
            text run at (0,0) width 95: "Test Button"
      RenderText {#text} at (638,41) size 4x19
        text run at (638,41) width 4: " "
      RenderButton {BUTTON} at (644,33) size 116x33 [bgcolor=#C0C0C0] [border: (2px outset #C0C0C0)]
        RenderBlock (anonymous) at (8,4) size 100x24
          RenderText {#text} at (0,0) size 100x24
            text run at (0,0) width 100: "Test Button"
      RenderText {#text} at (0,0) size 0x0
