layer at (0,0) size 800x600
  RenderView at (0,0) size 800x600
layer at (0,0) size 800x600
  RenderBlock {HTML} at (0,0) size 800x600
    RenderBody {BODY} at (8,8) size 784x584
      RenderButton {INPUT} at (0,11) size 39x15 [bgcolor=#C0C0C0] [border: (2px outset #C0C0C0)]
        RenderBlock (anonymous) at (8,4) size 23x6
          RenderText at (0,0) size 23x7
            text run at (0,0) width 23: "Test Button"
      RenderText {#text} at (39,5) size 4x19
        text run at (39,5) width 4: " "
      RenderButton {INPUT} at (43,10) size 46x16 [bgcolor=#C0C0C0] [border: (2px outset #C0C0C0)]
        RenderBlock (anonymous) at (8,4) size 30x7
          RenderText at (0,0) size 30x8
            text run at (0,0) width 30: "Test Button"
      RenderText {#text} at (89,5) size 4x19
        text run at (89,5) width 4: " "
      RenderButton {INPUT} at (93,9) size 51x17 [bgcolor=#C0C0C0] [border: (2px outset #C0C0C0)]
        RenderBlock (anonymous) at (8,4) size 35x8
          RenderText at (0,0) size 35x9
            text run at (0,0) width 35: "Test Button"
      RenderText {#text} at (144,5) size 4x19
        text run at (144,5) width 4: " "
      RenderButton {INPUT} at (148,8) size 53x18 [bgcolor=#C0C0C0] [border: (2px outset #C0C0C0)]
        RenderBlock (anonymous) at (8,4) size 37x9
          RenderText at (0,0) size 37x10
            text run at (0,0) width 37: "Test Button"
      RenderText {#text} at (201,5) size 4x19
        text run at (201,5) width 4: " "
      RenderButton {INPUT} at (205,7) size 62x19 [bgcolor=#C0C0C0] [border: (2px outset #C0C0C0)]
        RenderBlock (anonymous) at (8,4) size 46x10
          RenderText at (0,0) size 46x11
            text run at (0,0) width 46: "Test Button"
      RenderText {#text} at (267,5) size 4x19
        text run at (267,5) width 4: " "
      RenderButton {INPUT} at (271,7) size 64x21 [bgcolor=#C0C0C0] [border: (2px outset #C0C0C0)]
        RenderBlock (anonymous) at (8,4) size 48x12
          RenderText at (0,0) size 48x12
            text run at (0,0) width 48: "Test Button"
      RenderText {#text} at (335,5) size 4x19
        text run at (335,5) width 4: " "
      RenderButton {INPUT} at (341,6) size 69x22 [bgcolor=#C0C0C0] [border: (2px outset #C0C0C0)]
        RenderBlock (anonymous) at (8,4) size 53x13
          RenderText at (0,0) size 53x13
            text run at (0,0) width 53: "Test Button"
      RenderText {#text} at (412,5) size 4x19
        text run at (412,5) width 4: " "
      RenderButton {INPUT} at (418,5) size 71x23 [bgcolor=#C0C0C0] [border: (2px outset #C0C0C0)]
        RenderBlock (anonymous) at (8,4) size 55x14
          RenderText at (0,0) size 55x14
            text run at (0,0) width 55: "Test Button"
      RenderText {#text} at (491,5) size 4x19
        text run at (491,5) width 4: " "
      RenderButton {INPUT} at (497,4) size 80x24 [bgcolor=#C0C0C0] [border: (2px outset #C0C0C0)]
        RenderBlock (anonymous) at (8,4) size 64x15
          RenderText at (0,0) size 64x15
            text run at (0,0) width 64: "Test Button"
      RenderText {#text} at (579,5) size 4x19
        text run at (579,5) width 4: " "
      RenderButton {INPUT} at (585,3) size 82x25 [bgcolor=#C0C0C0] [border: (2px outset #C0C0C0)]
        RenderBlock (anonymous) at (8,4) size 66x16
          RenderText at (0,0) size 66x17
            text run at (0,0) width 66: "Test Button"
      RenderText {#text} at (669,5) size 4x19
        text run at (669,5) width 4: " "
      RenderButton {INPUT} at (675,2) size 88x26 [bgcolor=#C0C0C0] [border: (2px outset #C0C0C0)]
        RenderBlock (anonymous) at (8,4) size 72x17
          RenderText at (0,0) size 72x18
            text run at (0,0) width 72: "Test Button"
      RenderText {#text} at (765,5) size 4x19
        text run at (765,5) width 4: " "
      RenderButton {INPUT} at (2,36) size 90x27 [bgcolor=#C0C0C0] [border: (2px outset #C0C0C0)]
        RenderBlock (anonymous) at (8,4) size 74x18
          RenderText at (0,0) size 74x19
            text run at (0,0) width 74: "Test Button"
      RenderText {#text} at (94,40) size 4x19
        text run at (94,40) width 4: " "
      RenderButton {INPUT} at (100,35) size 98x29 [bgcolor=#C0C0C0] [border: (2px outset #C0C0C0)]
        RenderBlock (anonymous) at (8,4) size 82x20
          RenderText at (0,0) size 82x20
            text run at (0,0) width 82: "Test Button"
      RenderText {#text} at (200,40) size 4x19
        text run at (200,40) width 4: " "
      RenderButton {INPUT} at (206,34) size 101x30 [bgcolor=#C0C0C0] [border: (2px outset #C0C0C0)]
        RenderBlock (anonymous) at (8,4) size 85x21
          RenderText at (0,0) size 85x21
            text run at (0,0) width 85: "Test Button"
      RenderText {#text} at (309,40) size 4x19
        text run at (309,40) width 4: " "
      RenderButton {INPUT} at (315,34) size 106x31 [bgcolor=#C0C0C0] [border: (2px outset #C0C0C0)]
        RenderBlock (anonymous) at (8,4) size 90x22
          RenderText at (0,0) size 90x22
            text run at (0,0) width 90: "Test Button"
      RenderText {#text} at (423,40) size 4x19
        text run at (423,40) width 4: " "
      RenderButton {INPUT} at (429,33) size 111x32 [bgcolor=#C0C0C0] [border: (2px outset #C0C0C0)]
        RenderBlock (anonymous) at (8,4) size 95x23
          RenderText at (0,0) size 95x23
            text run at (0,0) width 95: "Test Button"
      RenderText {#text} at (542,40) size 4x19
        text run at (542,40) width 4: " "
      RenderButton {INPUT} at (548,32) size 116x33 [bgcolor=#C0C0C0] [border: (2px outset #C0C0C0)]
        RenderBlock (anonymous) at (8,4) size 100x24
          RenderText at (0,0) size 100x24
            text run at (0,0) width 100: "Test Button"
      RenderText {#text} at (0,0) size 0x0
