layer at (0,0) size 800x600
  RenderView at (0,0) size 800x600
layer at (0,0) size 800x600
  RenderBlock {HTML} at (0,0) size 800x600
    RenderBody {BODY} at (8,8) size 784x584
      RenderText {#text} at (0,7) size 73x19
        text run at (0,7) width 73: "Test result: "
      RenderMenuList {SELECT} at (75,2) size 60x28 [bgcolor=#FFFFFF]
        RenderBlock (anonymous) at (5,5) size 39x18
          RenderText at (0,0) size 39x19
            text run at (0,0) width 39: "PASS"
      RenderText {#text} at (0,0) size 0x0
      RenderText {#text} at (0,0) size 0x0
