layer at (0,0) size 800x600
  RenderView at (0,0) size 800x600
layer at (0,0) size 800x40
  RenderBlock {HTML} at (0,0) size 800x40
    RenderBody {BODY} at (8,8) size 784x24 [bgcolor=#666666]
      RenderMenuList {SELECT} at (2,2) size 10x20 [border: (1px solid #000000)]
        RenderBlock (anonymous) at (1,1) size 8x18
          RenderText at (0,0) size 8x19
            text run at (0,0) width 8: "1"
      RenderText {#text} at (0,0) size 0x0
