EDITING DELEGATE: webViewDidChangeSelection:WebViewDidChangeSelectionNotification
EDITING DELEGATE: shouldBeginEditingInDOMRange:range from 0 of DIV > BODY > HTML > #document to 0 of DIV > BODY > HTML > #document
EDITING DELEGATE: webViewDidBeginEditing:WebViewDidBeginEditingNotification
EDITING DELEGATE: webViewDidChangeSelection:WebViewDidChangeSelectionNotification
layer at (0,0) size 800x600
  RenderView at (0,0) size 800x600
layer at (0,0) size 800x600
  RenderBlock {HTML} at (0,0) size 800x600
    RenderBody {BODY} at (8,8) size 784x584
      RenderBlock {P} at (0,0) size 784x36
        RenderText {#text} at (0,0) size 769x37
          text run at (0,0) width 660: "This tests for a bug when creating markup for a selection that contained unrendered nodes with children. "
          text run at (660,0) width 109: "You should see a"
          text run at (0,18) width 248: "picture of abe followed by a select box."
      RenderBlock {DIV} at (0,52) size 784x18
      RenderBlock (anonymous) at (0,70) size 784x109
        RenderImage {IMG} at (0,0) size 76x103
        RenderText {#text} at (76,88) size 4x19
          text run at (76,88) width 4: " "
        RenderMenuList {SELECT} at (82,87) size 26x20 [bgcolor=#FFFFFF] [border: (1px solid #000000)]
          RenderBlock (anonymous) at (1,1) size 24x18
            RenderText at (0,0) size 8x19
              text run at (0,0) width 8: "1"
        RenderText {#text} at (0,0) size 0x0
        RenderText {#text} at (0,0) size 0x0
caret: position 0 of child 2 {DIV} of body
