EDITING DELEGATE: shouldBeginEditingInDOMRange:range from 0 of BODY > HTML > #document to 8 of BODY > HTML > #document
EDITING DELEGATE: webViewDidBeginEditing:WebViewDidBeginEditingNotification
EDITING DELEGATE: webViewDidChangeSelection:WebViewDidChangeSelectionNotification
EDITING DELEGATE: webViewDidChangeSelection:WebViewDidChangeSelectionNotification
EDITING DELEGATE: webViewDidChangeSelection:WebViewDidChangeSelectionNotification
layer at (0,0) size 800x600
  RenderView at (0,0) size 800x600
layer at (0,0) size 800x600
  RenderBlock {HTML} at (0,0) size 800x600
    RenderBody {BODY} at (8,8) size 784x584
      RenderBlock {P} at (0,0) size 784x72
        RenderText {#text} at (0,0) size 290x19
          text run at (0,0) width 290: "This tests pasting a table to replace some text. "
        RenderInline {B} at (0,0) size 768x73
          RenderText {#text} at (290,0) size 768x73
            text run at (290,0) width 474: "It demonstrates two bugs: 1) selecting a table without also selecting the"
            text run at (764,0) width 4: " "
            text run at (0,18) width 759: "line break after programmatically is impossible when its followed by a div because of the way DOM positions are"
            text run at (759,18) width 4: " "
            text run at (0,36) width 750: "mapped to visible positions, 2) pasting content that ends in a table places the caret in the last table cell instead of"
            text run at (750,36) width 4: " "
            text run at (0,54) width 633: "after the table, so the interchange newline is placed in the last table cell and not after the table."
      RenderTable {TABLE} at (0,88) size 57x24
        RenderTableSection {TBODY} at (0,0) size 57x24
          RenderTableRow {TR} at (0,2) size 57x20
            RenderTableCell {TD} at (2,2) size 25x20 [r=0 c=0 rs=1 cs=1]
              RenderText {#text} at (1,1) size 23x19
                text run at (1,1) width 23: "one"
            RenderTableCell {TD} at (29,2) size 26x20 [r=0 c=1 rs=1 cs=1]
              RenderText {#text} at (1,1) size 24x19
                text run at (1,1) width 24: "two"
      RenderBlock {DIV} at (0,112) size 784x18
        RenderText {#text} at (0,0) size 64x19
          text run at (0,0) width 64: "replaceme"
selection start: position 0 of child 0 {#text} of child 5 {DIV} of body
selection end:   position 9 of child 0 {#text} of child 5 {DIV} of body
